###############################################################################
#
# IAR ELF Linker V8.22.1.15669/W32 for ARM                24/Dec/2018  04:48:33
# Copyright 2007-2018 IAR Systems AB.
#
#    Output file  =  D:\OneDrive\brushless\source\EWARM\source\Exe\source.out
#    Map file     =  D:\OneDrive\brushless\source\EWARM\source\List\source.map
#    Command line =  
#        -f C:\Users\ncer\AppData\Local\Temp\EW430F.tmp
#        (D:\OneDrive\brushless\source\EWARM\source\Obj\base.o
#        D:\OneDrive\brushless\source\EWARM\source\Obj\board.o
#        D:\OneDrive\brushless\source\EWARM\source\Obj\can.o
#        D:\OneDrive\brushless\source\EWARM\source\Obj\cmd_fun.o
#        D:\OneDrive\brushless\source\EWARM\source\Obj\command.o
#        D:\OneDrive\brushless\source\EWARM\source\Obj\gpio.o
#        D:\OneDrive\brushless\source\EWARM\source\Obj\main.o
#        D:\OneDrive\brushless\source\EWARM\source\Obj\spi.o
#        D:\OneDrive\brushless\source\EWARM\source\Obj\startup_stm32f103xe.o
#        D:\OneDrive\brushless\source\EWARM\source\Obj\stm32f1xx_hal.o
#        D:\OneDrive\brushless\source\EWARM\source\Obj\stm32f1xx_hal_can.o
#        D:\OneDrive\brushless\source\EWARM\source\Obj\stm32f1xx_hal_cortex.o
#        D:\OneDrive\brushless\source\EWARM\source\Obj\stm32f1xx_hal_dma.o
#        D:\OneDrive\brushless\source\EWARM\source\Obj\stm32f1xx_hal_flash.o
#        D:\OneDrive\brushless\source\EWARM\source\Obj\stm32f1xx_hal_flash_ex.o
#        D:\OneDrive\brushless\source\EWARM\source\Obj\stm32f1xx_hal_gpio.o
#        D:\OneDrive\brushless\source\EWARM\source\Obj\stm32f1xx_hal_gpio_ex.o
#        D:\OneDrive\brushless\source\EWARM\source\Obj\stm32f1xx_hal_msp.o
#        D:\OneDrive\brushless\source\EWARM\source\Obj\stm32f1xx_hal_pwr.o
#        D:\OneDrive\brushless\source\EWARM\source\Obj\stm32f1xx_hal_rcc.o
#        D:\OneDrive\brushless\source\EWARM\source\Obj\stm32f1xx_hal_rcc_ex.o
#        D:\OneDrive\brushless\source\EWARM\source\Obj\stm32f1xx_hal_spi.o
#        D:\OneDrive\brushless\source\EWARM\source\Obj\stm32f1xx_hal_spi_ex.o
#        D:\OneDrive\brushless\source\EWARM\source\Obj\stm32f1xx_hal_tim.o
#        D:\OneDrive\brushless\source\EWARM\source\Obj\stm32f1xx_hal_tim_ex.o
#        D:\OneDrive\brushless\source\EWARM\source\Obj\stm32f1xx_hal_uart.o
#        D:\OneDrive\brushless\source\EWARM\source\Obj\stm32f1xx_it.o
#        D:\OneDrive\brushless\source\EWARM\source\Obj\system_stm32f1xx.o
#        D:\OneDrive\brushless\source\EWARM\source\Obj\tim.o
#        D:\OneDrive\brushless\source\EWARM\source\Obj\usart.o --redirect
#        _Printf=_PrintfFull --redirect _Scanf=_ScanfFull -o
#        D:\OneDrive\brushless\source\EWARM\source\Exe\source.out --map
#        D:\OneDrive\brushless\source\EWARM\source\List\source.map --config
#        D:\OneDrive\brushless\source\EWARM/stm32f103xe_flash.icf --semihosting
#        --entry __iar_program_start --vfe --text_out locale)
#
###############################################################################

*******************************************************************************
*** RUNTIME MODEL ATTRIBUTES
***

CppFlavor       = *
__Heap_Handler  = DLMalloc
__SystemLibrary = DLib
__dlib_version  = 6


*******************************************************************************
*** HEAP SELECTION
***

The advanced heap was selected because the application calls memory
allocation functions outside of system library functions, and there
are calls to deallocation functions in the application.


*******************************************************************************
*** PLACEMENT SUMMARY
***

"A0":  place at 0x08000000 { ro section .intvec };
"P1":  place in [from 0x08000000 to 0x0807ffff] { ro };
define block CSTACK with size = 1K, alignment = 8 { };
define block HEAP with size = 512, alignment = 8 { };
"P2":  place in [from 0x20000000 to 0x2000ffff] {
          rw, block CSTACK, block HEAP };
initialize by copy { rw };

  Section            Kind        Address    Size  Object
  -------            ----        -------    ----  ------
"A0":                                      0x130
  .intvec            ro code  0x08000000   0x130  startup_stm32f103xe.o [1]
                            - 0x08000130   0x130

"P1":                                     0x8c22
  .text              ro code  0x08000130  0x14d4  dlmalloc.o [3]
  .text              ro code  0x08001604     0x6  abort.o [3]
  .text              ro code  0x0800160a    0x7a  lz77_init_single.o [5]
  .text              ro code  0x08001684    0x2c  xgetmemchunk.o [3]
  .text              ro code  0x080016b0    0x14  exit.o [6]
  .text              ro code  0x080016c4   0xf96  xprintffull.o [3]
  .text              ro code  0x0800265a    0x1e  xencoding_8859_1.o [3]
  .text              ro code  0x08002678    0xa4  xlocale_c.o [3]
  .text              ro code  0x0800271c    0x16  strchr.o [5]
  .text              ro code  0x08002732    0x1a  xsnprout.o [3]
  .text              ro code  0x0800274c    0x40  xfail_s.o [3]
  .text              ro code  0x0800278c    0x36  strlen.o [5]
  .rodata            const    0x080027c2     0x2  cmd_fun.o [1]
  .text              ro code  0x080027c4    0x58  memchr.o [5]
  .text              ro code  0x0800281c     0xa  xmbcurmax.o [3]
  .rodata            const    0x08002826     0x2  cmd_fun.o [1]
  .text              ro code  0x08002828    0xa6  ABImemcpy.o [5]
  .rodata            const    0x080028ce     0x2  cmd_fun.o [1]
  .text              ro code  0x080028d0   0x22e  I64DivMod.o [5]
  .rodata            const    0x08002afe     0x2  cmd_fun.o [1]
  .text              ro code  0x08002b00   0x1a2  DblMul.o [4]
  .rodata            const    0x08002ca2     0x2  stm32f1xx_hal_rcc.o [1]
  .text              ro code  0x08002ca4    0x70  frexp.o [4]
  .text              ro code  0x08002d14    0x2e  DblCmpLe.o [4]
  .text              ro code  0x08002d44    0x2e  DblCmpGe.o [4]
  .text              ro code  0x08002d74   0x13a  ldexp.o [4]
  .text              ro code  0x08002eb0    0x3a  DblToS32.o [4]
  .text              ro code  0x08002eec    0x22  S32ToDbl.o [4]
  .text              ro code  0x08002f10    0xe2  DblSub.o [4]
  .text              ro code  0x08002ff4   0x246  DblDiv.o [4]
  .text              ro code  0x0800323c    0x28  DblToU32.o [4]
  .text              ro code  0x08003264    0x1a  U32ToDbl.o [4]
  .text              ro code  0x08003280     0x2  I64DivZer.o [5]
  .text              ro code  0x08003284   0x178  DblAdd.o [4]
  .text              ro code  0x080033fc   0xa40  stm32f1xx_hal_rcc.o [1]
  .text              ro code  0x08003e3c     0xc  stm32f1xx_hal.o [1]
  .text              ro code  0x08003e48    0x18  stm32f1xx_hal.o [1]
  .text              ro code  0x08003e60    0x24  stm32f1xx_hal.o [1]
  .text              ro code  0x08003e84   0x174  stm32f1xx_hal_cortex.o [1]
  .text              ro code  0x08003ff8   0x15a  main.o [1]
  .text              ro code  0x08004154    0x28  stm32f1xx_hal.o [1]
  .text              ro code  0x0800417c   0x22c  gpio.o [1]
  .text              ro code  0x080043a8    0xdc  can.o [1]
  .text              ro code  0x08004484    0xcc  spi.o [1]
  .text              ro code  0x08004550   0x230  tim.o [1]
  .text              ro code  0x08004780   0x194  usart.o [1]
  .text              ro code  0x08004914   0x464  command.o [1]
  .text              ro code  0x08004d78   0x288  board.o [1]
  .text              ro code  0x08005000    0x5e  stm32f1xx_hal_msp.o [1]
  .text              ro code  0x08005060   0x2ec  stm32f1xx_hal_gpio.o [1]
  .text              ro code  0x0800534c   0x49e  stm32f1xx_hal_can.o [1]
  .text              ro code  0x080057ec    0xb8  stm32f1xx_hal_spi_ex.o [1]
  .text              ro code  0x080058a4   0x5d4  stm32f1xx_hal_tim.o [1]
  .text              ro code  0x08005e78    0x5c  stm32f1xx_hal_tim_ex.o [1]
  .text              ro code  0x08005ed4   0x710  stm32f1xx_hal_uart.o [1]
  .text              ro code  0x080065e4    0x3c  vsnprint.o [3]
  .text              ro code  0x08006620    0x48  FltToDbl.o [4]
  .text              ro code  0x08006668    0x14  isalpha.o [3]
  .rodata            const    0x0800667c    0x34  board.o [1]
  .text              ro code  0x080066b0   0x468  strto64.o [4]
  .text              ro code  0x08006b18    0x68  DblToFlt.o [4]
  .text              ro code  0x08006b80     0x4  heaptramp0.o [3]
  .text              ro code  0x08006b84    0x24  FltCmpLe.o [4]
  .text              ro code  0x08006ba8    0x24  FltCmpGe.o [4]
  .text              ro code  0x08006bcc    0x1c  U32ToFlt.o [4]
  .text              ro code  0x08006be8    0xd8  FltMul.o [4]
  .text              ro code  0x08006cc0    0xfc  FltDiv.o [4]
  .text              ro code  0x08006dbc    0x2a  FltToS32.o [4]
  .text              ro code  0x08006de8   0x86a  stm32f1xx_hal_spi.o [1]
  .text              ro code  0x08007652     0x2  stm32f1xx_hal_can.o [1]
  .text              ro code  0x08007654     0x2  stm32f1xx_hal_can.o [1]
  .text              ro code  0x08007656     0x2  stm32f1xx_hal_can.o [1]
  .text              ro code  0x08007658     0x2  stm32f1xx_hal_tim.o [1]
  .text              ro code  0x0800765a     0x2  stm32f1xx_hal_tim.o [1]
  .text              ro code  0x0800765c     0x2  stm32f1xx_hal_tim.o [1]
  .text              ro code  0x0800765e     0x2  stm32f1xx_hal_tim_ex.o [1]
  .text              ro code  0x08007660     0x2  stm32f1xx_hal_tim.o [1]
  .text              ro code  0x08007662     0x2  stm32f1xx_hal_tim_ex.o [1]
  .text              ro code  0x08007664     0x2  stm32f1xx_hal_uart.o [1]
  .text              ro code  0x08007666     0x2  stm32f1xx_hal_uart.o [1]
  .text              ro code  0x08007668   0x122  iar_Stopfx.o [3]
  .text              ro code  0x0800778c   0x1c8  iar_Stoflt.o [3]
  .text              ro code  0x08007954   0x21c  iar_Stoxflt.o [3]
  .text              ro code  0x08007b70    0x14  isspace.o [3]
  .text              ro code  0x08007b84   0x580  cmd_fun.o [1]
  .text              ro code  0x08008104    0x24  S32ToFlt.o [4]
  .text              ro code  0x08008128   0x1c8  stm32f1xx_hal_flash.o [1]
  .text              ro code  0x080082f0    0x1e  U64Shr.o [5]
  .text              ro code  0x08008310   0x17c  base.o [1]
  .text              ro code  0x0800848c   0x114  stm32f1xx_hal_flash_ex.o [1]
  .text              ro code  0x080085a0    0x68  system_stm32f1xx.o [1]
  .text              ro code  0x08008608    0x64  stm32f1xx_it.o [1]
  .text              ro code  0x0800866c    0x10  stm32f1xx_hal.o [1]
  .text              ro code  0x0800867c    0x40  zero_init3.o [5]
  .rodata            const    0x080086bc    0x34  can.o [1]
  .rodata            const    0x080086f0    0x34  spi.o [1]
  .rodata            const    0x08008724    0x34  tim.o [1]
  .rodata            const    0x08008758    0x34  usart.o [1]
  .rodata            const    0x0800878c    0x28  base.o [1]
  .rodata            const    0x080087b4    0x28  cmd_fun.o [1]
  .rodata            const    0x080087dc    0x28  main.o [1]
  .text              ro code  0x08008804    0x28  data_init.o [5]
  .rodata            const    0x0800882c    0x24  cmd_fun.o [1]
  .rodata            const    0x08008850    0x24  main.o [1]
  .iar.init_table    const    0x08008874    0x20  - Linker created -
  .rodata            const    0x08008894    0x20  base.o [1]
  .text              ro code  0x080088b4    0x1e  cmain.o [5]
  .text              ro code  0x080088d2     0x4  low_level_init.o [3]
  .text              ro code  0x080088d6     0x4  exit.o [3]
  .text              ro code  0x080088dc     0xa  cexit.o [5]
  .rodata            const    0x080088e8    0x1c  base.o [1]
  .rodata            const    0x08008904    0x18  board.o [1]
  .rodata            const    0x0800891c    0x18  board.o [1]
  .rodata            const    0x08008934    0x18  cmd_fun.o [1]
  .rodata            const    0x0800894c    0x18  cmd_fun.o [1]
  .rodata            const    0x08008964    0x18  command.o [1]
  .rodata            const    0x0800897c    0x18  main.o [1]
  .rodata            const    0x08008994    0x14  base.o [1]
  .rodata            const    0x080089a8    0x14  base.o [1]
  .rodata            const    0x080089bc    0x14  base.o [1]
  .rodata            const    0x080089d0    0x14  cmd_fun.o [1]
  .rodata            const    0x080089e4    0x14  cmd_fun.o [1]
  .rodata            const    0x080089f8    0x14  cmd_fun.o [1]
  .rodata            const    0x08008a0c    0x14  cmd_fun.o [1]
  .rodata            const    0x08008a20    0x14  cmd_fun.o [1]
  .rodata            const    0x08008a34    0x14  cmd_fun.o [1]
  .rodata            const    0x08008a48    0x14  command.o [1]
  .rodata            const    0x08008a5c    0x14  command.o [1]
  .rodata            const    0x08008a70    0x14  gpio.o [1]
  .rodata            const    0x08008a84    0x14  gpio.o [1]
  .rodata            const    0x08008a98    0x10  cmd_fun.o [1]
  .rodata            const    0x08008aa8    0x10  cmd_fun.o [1]
  .rodata            const    0x08008ab8    0x10  cmd_fun.o [1]
  .rodata            const    0x08008ac8    0x10  command.o [1]
  .rodata            const    0x08008ad8    0x10  main.o [1]
  .rodata            const    0x08008ae8    0x10  stm32f1xx_hal_rcc.o [1]
  .rodata            const    0x08008af8    0x10  system_stm32f1xx.o [1]
  .text              ro code  0x08008b08    0x10  startup_stm32f103xe.o [1]
  .rodata            const    0x08008b18     0xc  base.o [1]
  .rodata            const    0x08008b24     0xc  cmd_fun.o [1]
  .rodata            const    0x08008b30     0xc  cmd_fun.o [1]
  .rodata            const    0x08008b3c     0xc  command.o [1]
  .rodata            const    0x08008b48     0xc  command.o [1]
  .rodata            const    0x08008b54     0xc  command.o [1]
  .rodata            const    0x08008b60     0xc  command.o [1]
  .rodata            const    0x08008b6c     0xc  command.o [1]
  .rodata            const    0x08008b78     0xc  command.o [1]
  .rodata            const    0x08008b84     0xc  command.o [1]
  .rodata            const    0x08008b90     0xc  command.o [1]
  .rodata            const    0x08008b9c     0xc  command.o [1]
  .text              ro code  0x08008ba8     0xc  cstartup_M.o [5]
  .rodata            const    0x08008bb4     0x8  cmd_fun.o [1]
  .rodata            const    0x08008bbc     0x8  cmd_fun.o [1]
  .rodata            const    0x08008bc4     0x8  cmd_fun.o [1]
  .rodata            const    0x08008bcc     0x8  cmd_fun.o [1]
  .rodata            const    0x08008bd4     0x8  cmd_fun.o [1]
  .rodata            const    0x08008bdc     0x8  command.o [1]
  .rodata            const    0x08008be4     0x8  command.o [1]
  .rodata            const    0x08008bec     0x8  command.o [1]
  .rodata            const    0x08008bf4     0x8  command.o [1]
  .rodata            const    0x08008bfc     0x8  command.o [1]
  .rodata            const    0x08008c04     0x8  system_stm32f1xx.o [1]
  .rodata            const    0x08008c0c     0x6  xlocale_c.o [3]
  .text              ro code  0x08008c12     0x4  startup_stm32f103xe.o [1]
  .text              ro code  0x08008c16     0x4  startup_stm32f103xe.o [1]
  .text              ro code  0x08008c1a     0x4  startup_stm32f103xe.o [1]
  .text              ro code  0x08008c1e     0x4  startup_stm32f103xe.o [1]
  .text              ro code  0x08008c22     0x4  startup_stm32f103xe.o [1]
  .text              ro code  0x08008c26     0x4  startup_stm32f103xe.o [1]
  .text              ro code  0x08008c2a     0x4  startup_stm32f103xe.o [1]
  .text              ro code  0x08008c2e     0x4  startup_stm32f103xe.o [1]
  .text              ro code  0x08008c32     0x4  startup_stm32f103xe.o [1]
  .text              ro code  0x08008c36     0x4  startup_stm32f103xe.o [1]
  .text              ro code  0x08008c3a     0x4  startup_stm32f103xe.o [1]
  .text              ro code  0x08008c3e     0x4  startup_stm32f103xe.o [1]
  .text              ro code  0x08008c42     0x4  startup_stm32f103xe.o [1]
  .text              ro code  0x08008c46     0x4  startup_stm32f103xe.o [1]
  .text              ro code  0x08008c4a     0x4  startup_stm32f103xe.o [1]
  .text              ro code  0x08008c4e     0x4  startup_stm32f103xe.o [1]
  .text              ro code  0x08008c52     0x4  startup_stm32f103xe.o [1]
  .text              ro code  0x08008c56     0x4  startup_stm32f103xe.o [1]
  .text              ro code  0x08008c5a     0x4  startup_stm32f103xe.o [1]
  .text              ro code  0x08008c5e     0x4  startup_stm32f103xe.o [1]
  .text              ro code  0x08008c62     0x4  startup_stm32f103xe.o [1]
  .text              ro code  0x08008c66     0x4  startup_stm32f103xe.o [1]
  .text              ro code  0x08008c6a     0x4  startup_stm32f103xe.o [1]
  .text              ro code  0x08008c6e     0x4  startup_stm32f103xe.o [1]
  .text              ro code  0x08008c72     0x4  startup_stm32f103xe.o [1]
  .text              ro code  0x08008c76     0x4  startup_stm32f103xe.o [1]
  .text              ro code  0x08008c7a     0x4  startup_stm32f103xe.o [1]
  .text              ro code  0x08008c7e     0x4  startup_stm32f103xe.o [1]
  .text              ro code  0x08008c82     0x4  startup_stm32f103xe.o [1]
  .text              ro code  0x08008c86     0x4  startup_stm32f103xe.o [1]
  .text              ro code  0x08008c8a     0x4  startup_stm32f103xe.o [1]
  .text              ro code  0x08008c8e     0x4  startup_stm32f103xe.o [1]
  .text              ro code  0x08008c92     0x4  startup_stm32f103xe.o [1]
  .text              ro code  0x08008c96     0x4  startup_stm32f103xe.o [1]
  .text              ro code  0x08008c9a     0x4  startup_stm32f103xe.o [1]
  .text              ro code  0x08008c9e     0x4  startup_stm32f103xe.o [1]
  .text              ro code  0x08008ca2     0x4  startup_stm32f103xe.o [1]
  .text              ro code  0x08008ca6     0x4  startup_stm32f103xe.o [1]
  .text              ro code  0x08008caa     0x4  startup_stm32f103xe.o [1]
  .text              ro code  0x08008cae     0x4  startup_stm32f103xe.o [1]
  .text              ro code  0x08008cb2     0x4  startup_stm32f103xe.o [1]
  .text              ro code  0x08008cb6     0x4  startup_stm32f103xe.o [1]
  .text              ro code  0x08008cba     0x4  startup_stm32f103xe.o [1]
  .text              ro code  0x08008cbe     0x4  startup_stm32f103xe.o [1]
  .text              ro code  0x08008cc2     0x4  startup_stm32f103xe.o [1]
  .text              ro code  0x08008cc6     0x4  startup_stm32f103xe.o [1]
  .text              ro code  0x08008cca     0x4  startup_stm32f103xe.o [1]
  .text              ro code  0x08008cce     0x4  startup_stm32f103xe.o [1]
  .text              ro code  0x08008cd2     0x4  startup_stm32f103xe.o [1]
  .text              ro code  0x08008cd6     0x4  startup_stm32f103xe.o [1]
  .text              ro code  0x08008cda     0x4  startup_stm32f103xe.o [1]
  .text              ro code  0x08008cde     0x4  startup_stm32f103xe.o [1]
  .text              ro code  0x08008ce2     0x4  startup_stm32f103xe.o [1]
  .text              ro code  0x08008ce6     0x4  startup_stm32f103xe.o [1]
  .rodata            const    0x08008cea     0x0  zero_init3.o [5]
  .rodata            const    0x08008cea     0x0  lz77_init_single.o [5]
  Initializer bytes  const    0x08008cea    0x68  <for P2-1>
                            - 0x08008d52  0x8c22

"P2", part 1 of 3:                          0xfb
  P2-1                        0x20000000    0xfb  <Init block>
    .data            inited   0x20000000     0xc  base.o [1]
    .data            inited   0x2000000c     0x8  board.o [1]
    .data            inited   0x20000014     0x4  board.o [1]
    .data            inited   0x20000018    0x50  cmd_fun.o [1]
    .data            inited   0x20000068     0x4  system_stm32f1xx.o [1]
    .data            inited   0x2000006c    0x38  xlocale_c.o [3]
    .data            inited   0x200000a4    0x48  xlocale_c.o [3]
    .data            inited   0x200000ec     0x2  board.o [1]
    .data            inited   0x200000ee     0x2  board.o [1]
    .data            inited   0x200000f0     0x2  board.o [1]
    .data            inited   0x200000f2     0x2  board.o [1]
    .data            inited   0x200000f4     0x2  board.o [1]
    .data            inited   0x200000f6     0x2  board.o [1]
    .data            inited   0x200000f8     0x2  board.o [1]
    .data            inited   0x200000fa     0x1  base.o [1]
                            - 0x200000fb    0xfb

"P2", part 2 of 3:                         0x618
  .bss               zero     0x200000fc   0x1d8  dlmalloc.o [3]
  .bss               zero     0x200002d4   0x194  command.o [1]
  .bss               zero     0x20000468    0x68  usart.o [1]
  .bss               zero     0x200004d0    0x58  spi.o [1]
  .bss               zero     0x20000528    0x40  can.o [1]
  .bss               zero     0x20000568    0x40  usart.o [1]
  .bss               zero     0x200005a8    0x3c  tim.o [1]
  .bss               zero     0x200005e4    0x3c  tim.o [1]
  .bss               zero     0x20000620    0x3c  tim.o [1]
  .bss               zero     0x20000660    0x20  stm32f1xx_hal_flash.o [1]
  .bss               zero     0x20000680    0x20  usart.o [1]
  .bss               zero     0x200006a0    0x1c  board.o [1]
  .bss               zero     0x200006bc    0x1c  board.o [1]
  .bss               zero     0x200006d8    0x18  dlmalloc.o [3]
  .bss               zero     0x200006f0     0x4  board.o [1]
  .bss               zero     0x200006f4     0x4  board.o [1]
  .bss               zero     0x200006f8     0x4  board.o [1]
  .bss               zero     0x200006fc     0x4  stm32f1xx_hal.o [1]
  .bss               zero     0x20000700     0x4  usart.o [1]
  .bss               zero     0x20000704     0x4  xgetmemchunk.o [3]
  .bss               zero     0x20000708     0x4  xfail_s.o [3]
  .bss               zero     0x2000070c     0x1  board.o [1]
  .bss               zero     0x2000070d     0x1  board.o [1]
  .bss               zero     0x2000070e     0x1  stm32f1xx_hal_spi_ex.o [1]
  .bss               zero     0x2000070f     0x1  usart.o [1]
  .bss               zero     0x20000710     0x1  usart.o [1]
                            - 0x20000711   0x615

"P2", part 3 of 3:                         0x600
  CSTACK                      0x20000718   0x400  <Block>
    CSTACK           uninit   0x20000718   0x400  <Block tail>
  HEAP                        0x20000b18   0x200  <Block>
    HEAP             uninit   0x20000b18   0x200  <Block tail>
                            - 0x20000d18   0x600


*******************************************************************************
*** INIT TABLE
***

          Address     Size
          -------     ----
Zero (__iar_zero_init3)
    1 destination range, total size 0x615:
          0x200000fc  0x615

Copy/lz77 (__iar_lz77_init_single3)
    1 source range, total size 0x68 (41% of destination):
          0x08008cea   0x68
    1 destination range, total size 0xfb:
          0x20000000   0xfb



*******************************************************************************
*** MODULE SUMMARY
***

    Module                    ro code  ro data  rw data
    ------                    -------  -------  -------
D:\OneDrive\brushless\source\EWARM\source\Obj: [1]
    base.o                        380      177       13
    board.o                       648      111       96
    can.o                         220       52       64
    cmd_fun.o                   1 408      398       80
    command.o                   1 124      228      404
    gpio.o                        556       40
    main.o                        346      116
    spi.o                         204       52       88
    startup_stm32f103xe.o         536
    stm32f1xx_hal.o               128                 4
    stm32f1xx_hal_can.o         1 188
    stm32f1xx_hal_cortex.o        372
    stm32f1xx_hal_flash.o         456                32
    stm32f1xx_hal_flash_ex.o      276
    stm32f1xx_hal_gpio.o          748
    stm32f1xx_hal_msp.o            94
    stm32f1xx_hal_rcc.o         2 624       18
    stm32f1xx_hal_spi.o         2 154
    stm32f1xx_hal_spi_ex.o        184                 1
    stm32f1xx_hal_tim.o         1 500
    stm32f1xx_hal_tim_ex.o         96
    stm32f1xx_hal_uart.o        1 812
    stm32f1xx_it.o                100
    system_stm32f1xx.o            104       25        4
    tim.o                         560       52      180
    usart.o                       404       52      206
    ---------------------------------------------------
    Total:                     18 222    1 321    1 172

command line: [2]
    ---------------------------------------------------
    Total:

dl7M_tlf.a: [3]
    abort.o                         6
    dlmalloc.o                  5 332               496
    exit.o                          4
    heaptramp0.o                    4
    iar_Stoflt.o                  456
    iar_Stopfx.o                  290
    iar_Stoxflt.o                 540
    isalpha.o                      20
    isspace.o                      20
    low_level_init.o                4
    vsnprint.o                     60
    xencoding_8859_1.o             30
    xfail_s.o                      64                 4
    xgetmemchunk.o                 44                 4
    xlocale_c.o                   164       59      128
    xmbcurmax.o                    10
    xprintffull.o               3 990
    xsnprout.o                     26
    ---------------------------------------------------
    Total:                     11 064       59      632

m7M_tl.a: [4]
    DblAdd.o                      376
    DblCmpGe.o                     46
    DblCmpLe.o                     46
    DblDiv.o                      582
    DblMul.o                      418
    DblSub.o                      226
    DblToFlt.o                    104
    DblToS32.o                     58
    DblToU32.o                     40
    FltCmpGe.o                     36
    FltCmpLe.o                     36
    FltDiv.o                      252
    FltMul.o                      216
    FltToDbl.o                     72
    FltToS32.o                     42
    S32ToDbl.o                     34
    S32ToFlt.o                     36
    U32ToDbl.o                     26
    U32ToFlt.o                     28
    frexp.o                       112
    ldexp.o                       314
    strto64.o                   1 128
    ---------------------------------------------------
    Total:                      4 228

rt7M_tl.a: [5]
    ABImemcpy.o                   166
    I64DivMod.o                   558
    I64DivZer.o                     2
    U64Shr.o                       30
    cexit.o                        10
    cmain.o                        30
    cstartup_M.o                   12
    data_init.o                    40
    lz77_init_single.o            122
    memchr.o                       88
    strchr.o                       22
    strlen.o                       54
    zero_init3.o                   64
    ---------------------------------------------------
    Total:                      1 198

shb_l.a: [6]
    exit.o                         20
    ---------------------------------------------------
    Total:                         20

    Gaps                           32        2        4
    Linker created                          32    1 536
-------------------------------------------------------
    Grand Total:               34 764    1 414    3 344


*******************************************************************************
*** ENTRY LIST
***

Entry                      Address   Size  Type      Object
-----                      -------   ----  ----      ------
.iar.init_table$$Base   0x08008874          --   Gb  - Linker created -
.iar.init_table$$Limit  0x08008894          --   Gb  - Linker created -
?main                   0x080088b5         Code  Gb  cmain.o [5]
AB                      0x200000ec    0x2  Data  Gb  board.o [1]
AC                      0x200000ee    0x2  Data  Gb  board.o [1]
AHBPrescTable           0x08008af8   0x10  Data  Gb  system_stm32f1xx.o [1]
APBPrescTable           0x08008c04    0x8  Data  Gb  system_stm32f1xx.o [1]
BA                      0x200000f2    0x2  Data  Gb  board.o [1]
BC                      0x200000f0    0x2  Data  Gb  board.o [1]
Board_Mode              0x2000070c    0x1  Data  Gb  board.o [1]
BusFault_Handler        0x0800860f    0x2  Code  Gb  stm32f1xx_it.o [1]
CA                      0x200000f4    0x2  Data  Gb  board.o [1]
CAN_Receive_IT          0x08005651  0x19a  Code  Lc  stm32f1xx_hal_can.o [1]
CAN_Transmit_IT         0x0800560d   0x44  Code  Lc  stm32f1xx_hal_can.o [1]
CB                      0x200000f6    0x2  Data  Gb  board.o [1]
CMD                     0x200002d4  0x194  Data  Gb  command.o [1]
CSTACK$$Base            0x20000718          --   Gb  - Linker created -
CSTACK$$Limit           0x20000b18          --   Gb  - Linker created -
CacheMore               0x080026ad   0x24  Code  Lc  xlocale_c.o [3]
Close_Phases            0x08004ee7   0x34  Code  Gb  board.o [1]
DebugMon_Handler        0x08008615    0x2  Code  Gb  stm32f1xx_it.o [1]
Dtentox                 0x080067bd  0x18c  Code  Lc  strto64.o [4]
EXTI3_IRQHandler        0x08008625    0xa  Code  Gb  stm32f1xx_it.o [1]
EXTI4_IRQHandler        0x0800862f    0xa  Code  Gb  stm32f1xx_it.o [1]
EXTI9_5_IRQHandler      0x08008643    0xa  Code  Gb  stm32f1xx_it.o [1]
FLASH_MassErase         0x08008547   0x2a  Code  Lc  stm32f1xx_hal_flash_ex.o [1]
FLASH_PageErase         0x08008571   0x24  Code  Gb  stm32f1xx_hal_flash_ex.o [1]
FLASH_Program_HalfWord  0x08008211   0x16  Code  Lc  stm32f1xx_hal_flash.o [1]
FLASH_SetErrorCode      0x08008283   0x50  Code  Lc  stm32f1xx_hal_flash.o [1]
FLASH_WaitForLastOperation
                        0x08008227   0x5c  Code  Gb  stm32f1xx_hal_flash.o [1]
First_Time_Check        0x200000fa    0x1  Data  Gb  base.o [1]
Get_Hall_Position       0x08004f51    0xe  Code  Gb  board.o [1]
HAL_CAN_IRQHandler      0x08005487  0x178  Code  Gb  stm32f1xx_hal_can.o [1]
HAL_CAN_Init            0x0800534d  0x13a  Code  Gb  stm32f1xx_hal_can.o [1]
HAL_CAN_MspInit         0x0800440b   0x66  Code  Gb  can.o [1]
HAL_Delay               0x08003e49   0x18  Code  Wk  stm32f1xx_hal.o [1]
HAL_FLASHEx_Erase       0x0800848d   0xba  Code  Gb  stm32f1xx_hal_flash_ex.o [1]
HAL_FLASH_Lock          0x08008201   0x10  Code  Gb  stm32f1xx_hal_flash.o [1]
HAL_FLASH_Program       0x08008129   0xbc  Code  Gb  stm32f1xx_hal_flash.o [1]
HAL_FLASH_Unlock        0x080081e5   0x1c  Code  Gb  stm32f1xx_hal_flash.o [1]
HAL_GPIO_EXTI_Callback  0x080042a9   0xb6  Code  Gb  gpio.o [1]
HAL_GPIO_EXTI_IRQHandler
                        0x080052dd   0x22  Code  Gb  stm32f1xx_hal_gpio.o [1]
HAL_GPIO_Init           0x08005061  0x24c  Code  Gb  stm32f1xx_hal_gpio.o [1]
HAL_GPIO_ReadPin        0x080052ad   0x16  Code  Gb  stm32f1xx_hal_gpio.o [1]
HAL_GPIO_WritePin       0x080052c3   0x1a  Code  Gb  stm32f1xx_hal_gpio.o [1]
HAL_GetTick             0x08003e3d    0xc  Code  Wk  stm32f1xx_hal.o [1]
HAL_IncTick             0x0800866d   0x10  Code  Wk  stm32f1xx_hal.o [1]
HAL_Init                0x08004155   0x22  Code  Gb  stm32f1xx_hal.o [1]
HAL_InitTick            0x08003e61   0x24  Code  Wk  stm32f1xx_hal.o [1]
HAL_MspInit             0x08005001   0x5e  Code  Gb  stm32f1xx_hal_msp.o [1]
HAL_NVIC_EnableIRQ      0x08003f95    0xe  Code  Gb  stm32f1xx_hal_cortex.o [1]
HAL_NVIC_SetPriority    0x08003f6b   0x2a  Code  Gb  stm32f1xx_hal_cortex.o [1]
HAL_NVIC_SetPriorityGrouping
                        0x08003f5f    0xc  Code  Gb  stm32f1xx_hal_cortex.o [1]
HAL_RCC_ClockConfig     0x08003b01  0x22a  Code  Gb  stm32f1xx_hal_rcc.o [1]
HAL_RCC_GetHCLKFreq     0x08003db5    0x6  Code  Gb  stm32f1xx_hal_rcc.o [1]
HAL_RCC_GetPCLK1Freq    0x08003dbb   0x20  Code  Gb  stm32f1xx_hal_rcc.o [1]
HAL_RCC_GetPCLK2Freq    0x08003ddb   0x20  Code  Gb  stm32f1xx_hal_rcc.o [1]
HAL_RCC_GetSysClockFreq
                        0x08003d2b   0x8a  Code  Gb  stm32f1xx_hal_rcc.o [1]
HAL_RCC_OscConfig       0x080033fd  0x704  Code  Gb  stm32f1xx_hal_rcc.o [1]
HAL_SPI_Init            0x080057ed   0x8c  Code  Gb  stm32f1xx_hal_spi_ex.o [1]
HAL_SPI_MspInit         0x080044e7   0x56  Code  Gb  spi.o [1]
HAL_SPI_Receive         0x08006fb7  0x24c  Code  Gb  stm32f1xx_hal_spi.o [1]
HAL_SPI_Transmit        0x08006de9  0x1ce  Code  Gb  stm32f1xx_hal_spi.o [1]
HAL_SPI_TransmitReceive
                        0x08007203  0x35c  Code  Gb  stm32f1xx_hal_spi.o [1]
HAL_SYSTICK_CLKSourceConfig
                        0x08003faf   0x20  Code  Gb  stm32f1xx_hal_cortex.o [1]
HAL_SYSTICK_Callback    0x080040cb   0x5a  Code  Gb  main.o [1]
HAL_SYSTICK_Config      0x08003fa3    0xc  Code  Gb  stm32f1xx_hal_cortex.o [1]
HAL_SYSTICK_IRQHandler  0x08003ff1    0x8  Code  Gb  stm32f1xx_hal_cortex.o [1]
HAL_TIMEx_BreakCallback
                        0x0800765f    0x2  Code  Wk  stm32f1xx_hal_tim_ex.o [1]
HAL_TIMEx_CommutationCallback
                        0x08007663    0x2  Code  Wk  stm32f1xx_hal_tim_ex.o [1]
HAL_TIMEx_MasterConfigSynchronization
                        0x08005e79   0x5a  Code  Gb  stm32f1xx_hal_tim_ex.o [1]
HAL_TIM_Base_Init       0x080058a5   0x38  Code  Gb  stm32f1xx_hal_tim.o [1]
HAL_TIM_Base_MspInit    0x080046eb   0x48  Code  Gb  tim.o [1]
HAL_TIM_Base_Start_IT   0x080058dd   0x1e  Code  Gb  stm32f1xx_hal_tim.o [1]
HAL_TIM_IRQHandler      0x08005989  0x176  Code  Gb  stm32f1xx_hal_tim.o [1]
HAL_TIM_MspPostInit     0x08004733   0x22  Code  Gb  tim.o [1]
HAL_TIM_PWM_ConfigChannel
                        0x08005aff  0x100  Code  Gb  stm32f1xx_hal_tim.o [1]
HAL_TIM_PWM_Init        0x080058fb   0x38  Code  Gb  stm32f1xx_hal_tim.o [1]
HAL_TIM_PWM_MspInit     0x080046c5   0x26  Code  Gb  tim.o [1]
HAL_TIM_PWM_Start       0x08005933   0x4c  Code  Gb  stm32f1xx_hal_tim.o [1]
HAL_TIM_PeriodElapsedCallback
                        0x08004755    0xa  Code  Gb  tim.o [1]
HAL_UART_IRQHandler     0x080060c9  0x132  Code  Gb  stm32f1xx_hal_uart.o [1]
HAL_UART_Init           0x08005ed5   0x70  Code  Gb  stm32f1xx_hal_uart.o [1]
HAL_UART_MspInit        0x080047e3   0x6e  Code  Gb  usart.o [1]
HAL_UART_Receive_IT     0x08006041   0x88  Code  Gb  stm32f1xx_hal_uart.o [1]
HAL_UART_RxCpltCallback
                        0x0800487f   0x68  Code  Gb  usart.o [1]
HAL_UART_Transmit       0x08005f45   0xfc  Code  Gb  stm32f1xx_hal_uart.o [1]
HEAP$$Base              0x20000b18          --   Gb  - Linker created -
HEAP$$Limit             0x20000d18          --   Gb  - Linker created -
Hall_Position           0x2000070d    0x1  Data  Gb  board.o [1]
HardFault_Handler       0x0800860b    0x2  Code  Gb  stm32f1xx_it.o [1]
LoadInt                 0x080018b3   0x7a  Code  Lc  xprintffull.o [3]
MX_CAN_Init             0x080043a9   0x62  Code  Gb  can.o [1]
MX_GPIO_Init            0x0800417d  0x12c  Code  Gb  gpio.o [1]
MX_SPI2_Init            0x08004485   0x62  Code  Gb  spi.o [1]
MX_TIM2_Init            0x08004551   0xc8  Code  Gb  tim.o [1]
MX_TIM6_Init            0x08004619   0x62  Code  Gb  tim.o [1]
MX_TIM7_Init            0x0800467b   0x4a  Code  Gb  tim.o [1]
MX_UART5_Init           0x08004781   0x62  Code  Gb  usart.o [1]
MemManage_Handler       0x0800860d    0x2  Code  Gb  stm32f1xx_it.o [1]
Motor_Duty              0x20000014    0x4  Data  Gb  board.o [1]
NMI_Handler             0x08008609    0x2  Code  Gb  stm32f1xx_it.o [1]
NVIC_EnableIRQ          0x08003eab   0x16  Code  Lc  stm32f1xx_hal_cortex.o [1]
NVIC_EncodePriority     0x08003eed   0x42  Code  Lc  stm32f1xx_hal_cortex.o [1]
NVIC_GetPriorityGrouping
                        0x08003ea1    0xa  Code  Lc  stm32f1xx_hal_cortex.o [1]
NVIC_SetPriority        0x08003ec1   0x2c  Code  Lc  stm32f1xx_hal_cortex.o [1]
NVIC_SetPriorityGrouping
                        0x08003e85   0x1c  Code  Lc  stm32f1xx_hal_cortex.o [1]
PendSV_Handler          0x08008617    0x2  Code  Gb  stm32f1xx_it.o [1]
Phase_Change            0x08004de7   0x26  Code  Gb  board.o [1]
Phase_Const             0x08008904   0x18  Data  Gb  board.o [1]
Phase_Const_Reverse     0x0800891c   0x18  Data  Gb  board.o [1]
Phase_Open_Cnt          0x200006f8    0x4  Data  Gb  board.o [1]
Phase_Table             0x200006a0   0x1c  Data  Gb  board.o [1]
Phase_Table_Init        0x08004da9   0x3e  Code  Gb  board.o [1]
Phase_Table_Reverse     0x200006bc   0x1c  Data  Gb  board.o [1]
Phase_Table_Using       0x200006f0    0x4  Data  Gb  board.o [1]
Phase_Test_Table        0x2000000c    0x8  Data  Gb  board.o [1]
Pram_Array              0x20000000    0xc  Data  Gb  base.o [1]
Read_Mag                0x08004f1b   0x36  Code  Gb  board.o [1]
Region$$Table$$Base     0x08008874          --   Gb  - Linker created -
Region$$Table$$Limit    0x08008894          --   Gb  - Linker created -
SPI_ISCRCErrorValid     0x08005879   0x22  Code  Gb  stm32f1xx_hal_spi_ex.o [1]
SPI_WaitOnFlagUntilTimeout
                        0x0800755f   0xf4  Code  Lc  stm32f1xx_hal_spi.o [1]
SVC_Handler             0x08008613    0x2  Code  Gb  stm32f1xx_it.o [1]
Set_Motor_Duty          0x08004d79   0x30  Code  Gb  board.o [1]
Set_Phase_High_Speed    0x08004e53   0x94  Code  Gb  board.o [1]
Set_Phase_Low_State     0x08004e0d   0x46  Code  Gb  board.o [1]
Set_To_Statble_Positon  0x08004f5f   0x4c  Code  Gb  board.o [1]
Start_Position          0x200000f8    0x2  Data  Gb  board.o [1]
SysTick_Config          0x08003f2f   0x30  Code  Lc  stm32f1xx_hal_cortex.o [1]
SysTick_Handler         0x08008619    0xc  Code  Gb  stm32f1xx_it.o [1]
SystemClock_Config      0x08004043   0x88  Code  Gb  main.o [1]
SystemCoreClock         0x20000068    0x4  Data  Gb  system_stm32f1xx.o [1]
SystemInit              0x080085a1   0x4e  Code  Gb  system_stm32f1xx.o [1]
TIM6_IRQHandler         0x08008657    0xa  Code  Gb  stm32f1xx_it.o [1]
TIM_Base_SetConfig      0x08005bff   0x90  Code  Gb  stm32f1xx_hal_tim.o [1]
TIM_CCxChannelCmd       0x08005e5d   0x1c  Code  Gb  stm32f1xx_hal_tim.o [1]
TIM_OC1_SetConfig       0x08005c8f   0x6e  Code  Lc  stm32f1xx_hal_tim.o [1]
TIM_OC2_SetConfig       0x08005cfd   0x7c  Code  Gb  stm32f1xx_hal_tim.o [1]
TIM_OC3_SetConfig       0x08005d79   0x76  Code  Lc  stm32f1xx_hal_tim.o [1]
TIM_OC4_SetConfig       0x08005def   0x58  Code  Lc  stm32f1xx_hal_tim.o [1]
Test_Table_Cnt          0x200006f4    0x4  Data  Gb  board.o [1]
UART5_IRQHandler        0x0800864d    0xa  Code  Gb  stm32f1xx_it.o [1]
UART_EndTransmit_IT     0x08006357   0x30  Code  Lc  stm32f1xx_hal_uart.o [1]
UART_Receive_IT         0x08006387   0xc4  Code  Lc  stm32f1xx_hal_uart.o [1]
UART_SetConfig          0x0800644b  0x18e  Code  Lc  stm32f1xx_hal_uart.o [1]
UART_Transmit_IT        0x080062df   0x78  Code  Lc  stm32f1xx_hal_uart.o [1]
UART_WaitOnFlagUntilTimeout
                        0x080061fb   0xe4  Code  Lc  stm32f1xx_hal_uart.o [1]
USB_LP_CAN1_RX0_IRQHandler
                        0x08008639    0xa  Code  Gb  stm32f1xx_it.o [1]
UsageFault_Handler      0x08008611    0x2  Code  Gb  stm32f1xx_it.o [1]
Var_List                0x20000018   0x50  Data  Gb  cmd_fun.o [1]
_Encoding_8859_1_Mbrlen
                        0x0800266d    0x2  Code  Gb  xencoding_8859_1.o [3]
_Encoding_8859_1_Wctomb
                        0x0800265b   0x12  Code  Gb  xencoding_8859_1.o [3]
_Error_Handler          0x08004151    0x2  Code  Gb  main.o [1]
_GenldFull              0x08002335  0x274  Code  Lc  xprintffull.o [3]
_LdtobFull              0x08001f09  0x3fe  Code  Lc  xprintffull.o [3]
_LitobFull              0x08001db1  0x112  Code  Lc  xprintffull.o [3]
_LocaleC_isalpha        0x0800267f    0xc  Code  Gb  xlocale_c.o [3]
_LocaleC_islower        0x08002679    0x4  Code  Gb  xlocale_c.o [3]
_LocaleC_isspace        0x08002695   0x14  Code  Gb  xlocale_c.o [3]
_LocaleC_isupper        0x0800267d    0x2  Code  Gb  xlocale_c.o [3]
_Locale_lconv           0x2000006c   0x38  Data  Lc  xlocale_c.o [3]
_PrintfFull             0x080016c5  0x1d6  Code  Gb  xprintffull.o [3]
_PutcharsFull           0x080025a9   0x2e  Code  Lc  xprintffull.o [3]
_PutfldFull             0x0800192d  0x2d0  Code  Lc  xprintffull.o [3]
_PutstrFull             0x08001cf3   0xbe  Code  Lc  xprintffull.o [3]
_PuttxtFull             0x08001bfd   0xf6  Code  Lc  xprintffull.o [3]
_SNProut                0x08002733   0x1a  Code  Gb  xsnprout.o [3]
__aeabi_cdcmple         0x08002d15         Code  Gb  DblCmpLe.o [4]
__aeabi_cdrcmple        0x08002d45         Code  Gb  DblCmpGe.o [4]
__aeabi_cfcmple         0x08006b85         Code  Gb  FltCmpLe.o [4]
__aeabi_cfrcmple        0x08006ba9         Code  Gb  FltCmpGe.o [4]
__aeabi_d2f             0x08006b19         Code  Gb  DblToFlt.o [4]
__aeabi_d2iz            0x08002eb1         Code  Gb  DblToS32.o [4]
__aeabi_d2uiz           0x0800323d         Code  Gb  DblToU32.o [4]
__aeabi_dadd            0x08003285         Code  Gb  DblAdd.o [4]
__aeabi_ddiv            0x08002ff5         Code  Gb  DblDiv.o [4]
__aeabi_dmul            0x08002b01         Code  Gb  DblMul.o [4]
__aeabi_dsub            0x08002f11         Code  Gb  DblSub.o [4]
__aeabi_f2d             0x08006621         Code  Gb  FltToDbl.o [4]
__aeabi_f2iz            0x08006dbd         Code  Gb  FltToS32.o [4]
__aeabi_fdiv            0x08006cc1         Code  Gb  FltDiv.o [4]
__aeabi_fmul            0x08006be9         Code  Gb  FltMul.o [4]
__aeabi_i2d             0x08002eed         Code  Gb  S32ToDbl.o [4]
__aeabi_i2f             0x08008105         Code  Gb  S32ToFlt.o [4]
__aeabi_ldiv0           0x08003281         Code  Gb  I64DivZer.o [5]
__aeabi_llsr            0x080082f1         Code  Gb  U64Shr.o [5]
__aeabi_memcpy          0x08002829         Code  Gb  ABImemcpy.o [5]
__aeabi_memcpy4         0x08002849         Code  Gb  ABImemcpy.o [5]
__aeabi_memcpy8         0x08002849         Code  Gb  ABImemcpy.o [5]
__aeabi_ui2d            0x08003265         Code  Gb  U32ToDbl.o [4]
__aeabi_ui2f            0x08006bcd         Code  Gb  U32ToFlt.o [4]
__aeabi_uldivmod        0x080028d1         Code  Gb  I64DivMod.o [5]
__cmain                 0x080088b5         Code  Gb  cmain.o [5]
__data_GetMemChunk      0x08001685   0x2c  Code  Gb  xgetmemchunk.o [3]
__data_GetMemChunk::start
                        0x20000704    0x4  Data  Lc  xgetmemchunk.o [3]
__exit                  0x080016b1   0x14  Code  Gb  exit.o [6]
__iar_Fail_s            0x0800274d   0x1c  Code  Gb  xfail_s.o [3]
__iar_Mbcurmax          0x0800281d    0xa  Code  Gb  xmbcurmax.o [3]
__iar_Memchr            0x080027c5         Code  Gb  memchr.o [5]
__iar_Sto64             0x08006949  0x154  Code  Gb  strto64.o [4]
__iar_Stoflt            0x0800778d  0x1c8  Code  Gb  iar_Stoflt.o [3]
__iar_Stopfx            0x08007669  0x122  Code  Gb  iar_Stopfx.o [3]
__iar_Stoxflt           0x08007955  0x1e6  Code  Gb  iar_Stoxflt.o [3]
__iar_Stoxflt::digits   0x08007b40   0x18  Data  Lc  iar_Stoxflt.o [3]
__iar_Stoxflt::vals     0x08007b58   0x18  Data  Lc  iar_Stoxflt.o [3]
__iar_Strchr            0x0800271d         Code  Gb  strchr.o [5]
__iar_dadd              0x08002f21         Code  Gb  DblSub.o [4]
__iar_data_init3        0x08008805   0x28  Code  Gb  data_init.o [5]
__iar_dlfree            0x0800110b  0x4f6  Code  Gb  dlmalloc.o [3]
__iar_dlmalloc          0x08000e55  0x2b6  Code  Gb  dlmalloc.o [3]
__iar_dsub              0x08003295         Code  Gb  DblAdd.o [4]
__iar_dsubStart         0x080032a7         Code  Gb  DblAdd.o [4]
__iar_frexp             0x08002cb1         Code  Gb  frexp.o [4]
__iar_frexp64           0x08002ca5         Code  Gb  frexp.o [4]
__iar_frexpl            0x08002cb1         Code  Gb  frexp.o [4]
__iar_globLocale        0x200000a4   0x48  Data  Lc  xlocale_c.o [3]
__iar_global_Locale     0x080026a9    0x4  Code  Gb  xlocale_c.o [3]
__iar_ldexp64           0x08002d75         Code  Gb  ldexp.o [4]
__iar_lz77_init_single3
                        0x0800160b   0x7a  Code  Gb  lz77_init_single.o [5]
__iar_program_start     0x08008ba9         Code  Gb  cstartup_M.o [5]
__iar_scalbln64         0x08002d75         Code  Gb  ldexp.o [4]
__iar_scalbn64          0x08002d75         Code  Gb  ldexp.o [4]
__iar_systems$$module {Abs}
                        0x00000001         Data  Gb  command line/config [2]
__iar_zero_init3        0x0800867d   0x40  Code  Gb  zero_init3.o [5]
__low_level_init        0x080088d3    0x4  Code  Gb  low_level_init.o [3]
__vector_table          0x08000000         Data  Gb  startup_stm32f103xe.o [1]
_call_main              0x080088c1         Code  Gb  cmain.o [5]
_exit                   0x080088dd         Code  Gb  cexit.o [5]
_gLocale_mblen          0x08002709    0x4  Code  Gb  xlocale_c.o [3]
_gLocale_mblenInt       0x080026d1   0x34  Code  Gb  xlocale_c.o [3]
_gLocale_wctomb         0x0800270d    0x4  Code  Gb  xlocale_c.o [3]
_gLocale_wctombInt      0x08002705    0x4  Code  Gb  xlocale_c.o [3]
_gm_                    0x200000fc  0x1d8  Data  Lc  dlmalloc.o [3]
_main                   0x080088cf         Code  Gb  cmain.o [5]
abort                   0x08001605    0x6  Code  Gb  abort.o [3]
add_cmd                 0x08004bb7   0x36  Code  Gb  command.o [1]
add_segment             0x080004f5  0x1f2  Code  Lc  dlmalloc.o [3]
analize                 0x08004c61   0x94  Code  Gb  command.o [1]
atof                    0x08006ac9    0x8  Code  Gb  strto64.o [4]
buffer_rx               0x20000680   0x20  Data  Gb  usart.o [1]
buffer_rx_OK            0x20000710    0x1  Data  Gb  usart.o [1]
buffer_rx_count         0x20000700    0x4  Data  Gb  usart.o [1]
buffer_rx_temp          0x2000070f    0x1  Data  Gb  usart.o [1]
command_init            0x08004915   0xa0  Code  Gb  command.o [1]
compare_cmd             0x08004bed   0x40  Code  Gb  command.o [1]
compare_string          0x08004c2d   0x34  Code  Gb  command.o [1]
ddiv                    0x0800672b   0x7a  Code  Lc  strto64.o [4]
dmul                    0x080066b1   0x7a  Code  Lc  strto64.o [4]
exit                    0x080088d7    0x4  Code  Gb  exit.o [3]
free                    0x08006b81    0x4  Code  Gb  heaptramp0.o [3]
frexp                   0x08002ca5         Code  Gb  frexp.o [4]
frexpl                  0x08002ca5         Code  Gb  frexp.o [4]
get_hall_state          0x08007c3f   0x54  Code  Gb  cmd_fun.o [1]
get_prams               0x08004a13  0x1a4  Code  Lc  command.o [1]
hcan                    0x20000528   0x40  Data  Gb  can.o [1]
hspi2                   0x200004d0   0x58  Data  Gb  spi.o [1]
htim2                   0x200005a8   0x3c  Data  Gb  tim.o [1]
htim6                   0x200005e4   0x3c  Data  Gb  tim.o [1]
htim7                   0x20000620   0x3c  Data  Gb  tim.o [1]
huart5                  0x20000568   0x40  Data  Gb  usart.o [1]
init_mparams            0x0800014f   0x32  Code  Lc  dlmalloc.o [3]
init_top                0x08000181   0x32  Code  Lc  dlmalloc.o [3]
isalpha                 0x08006669   0x14  Code  Gb  isalpha.o [3]
isspace                 0x08007b71   0x14  Code  Gb  isspace.o [3]
ldexp                   0x08002d75         Code  Gb  ldexp.o [4]
ldexpl                  0x08002d75         Code  Gb  ldexp.o [4]
load_prams              0x080083a5   0xc2  Code  Gb  base.o [1]
localeconv              0x08002711    0x4  Code  Gb  xlocale_c.o [3]
main                    0x08003ff9   0x4a  Code  Gb  main.o [1]
memchr                  0x080027c5         Code  Gb  memchr.o [5]
mparams                 0x200006d8   0x18  Data  Lc  dlmalloc.o [3]
pFlash                  0x20000660   0x20  Data  Gb  stm32f1xx_hal_flash.o [1]
phase_change            0x08007e99   0xbe  Code  Gb  cmd_fun.o [1]
pows                    0x08006ad0   0x48  Data  Lc  strto64.o [4]
prepend_alloc           0x080001b3  0x342  Code  Lc  dlmalloc.o [3]
read_as5047             0x08007fa7   0xd4  Code  Gb  cmd_fun.o [1]
read_mag                0x08007f57   0x24  Code  Gb  cmd_fun.o [1]
scalbln                 0x08002d75         Code  Gb  ldexp.o [4]
scalblnl                0x08002d75         Code  Gb  ldexp.o [4]
scalbn                  0x08002d75         Code  Gb  ldexp.o [4]
scalbnl                 0x08002d75         Code  Gb  ldexp.o [4]
scale                   0x08001ec3   0x46  Code  Lc  xprintffull.o [3]
sec_hand                0x20000708    0x4  Data  Lc  xfail_s.o [3]
segment_holding         0x08000131   0x1e  Code  Lc  dlmalloc.o [3]
set_fd6288              0x08007c93   0xe4  Code  Gb  cmd_fun.o [1]
set_mode                0x08007d77   0x60  Code  Gb  cmd_fun.o [1]
set_mode_s              0x08007dd7   0x32  Code  Gb  cmd_fun.o [1]
set_motor_duty          0x08007f7b   0x2c  Code  Gb  cmd_fun.o [1]
set_phase               0x08007e11   0x7e  Code  Gb  cmd_fun.o [1]
set_val                 0x08007b85   0xba  Code  Gb  cmd_fun.o [1]
strchr                  0x0800271d         Code  Gb  strchr.o [5]
strlen                  0x0800278d         Code  Gb  strlen.o [5]
sys_alloc               0x080006ed  0x164  Code  Lc  dlmalloc.o [3]
sys_trim                0x08000851   0x66  Code  Lc  dlmalloc.o [3]
test                    0x080049b5   0x5e  Code  Lc  command.o [1]
tmalloc_large           0x080008c5  0x384  Code  Lc  dlmalloc.o [3]
tmalloc_small           0x08000c49  0x1fe  Code  Lc  dlmalloc.o [3]
uCRCErrorWorkaroundCheck
                        0x2000070e    0x1  Data  Gb  stm32f1xx_hal_spi_ex.o [1]
uart_buffer             0x20000468   0x68  Data  Gb  usart.o [1]
uprintf                 0x08004851   0x2e  Code  Gb  usart.o [1]
uwTick                  0x200006fc    0x4  Data  Lc  stm32f1xx_hal.o [1]
vsnprintf               0x080065e5   0x3c  Code  Gb  vsnprint.o [3]
write_prams             0x08008311   0x94  Code  Gb  base.o [1]


[1] = D:\OneDrive\brushless\source\EWARM\source\Obj
[2] = command line
[3] = dl7M_tlf.a
[4] = m7M_tl.a
[5] = rt7M_tl.a
[6] = shb_l.a

  34 764 bytes of readonly  code memory
   1 414 bytes of readonly  data memory
   3 344 bytes of readwrite data memory

Errors: none
Warnings: none
