###############################################################################
#
# IAR ELF Linker V8.22.1.15669/W32 for ARM                18/Nov/2018  15:01:59
# Copyright 2007-2018 IAR Systems AB.
#
#    Output file  =  
#        D:\电路板\OneDrive\brushless\source\EWARM\source\Exe\source.out
#    Map file     =  
#        D:\电路板\OneDrive\brushless\source\EWARM\source\List\source.map
#    Command line =  
#        -f C:\Users\ncer\AppData\Local\Temp\EW1572.tmp
#        (D:\电路板\OneDrive\brushless\source\EWARM\source\Obj\base.o
#        D:\电路板\OneDrive\brushless\source\EWARM\source\Obj\board.o
#        D:\电路板\OneDrive\brushless\source\EWARM\source\Obj\can.o
#        D:\电路板\OneDrive\brushless\source\EWARM\source\Obj\cmd_fun.o
#        D:\电路板\OneDrive\brushless\source\EWARM\source\Obj\command.o
#        D:\电路板\OneDrive\brushless\source\EWARM\source\Obj\gpio.o
#        D:\电路板\OneDrive\brushless\source\EWARM\source\Obj\main.o
#        D:\电路板\OneDrive\brushless\source\EWARM\source\Obj\spi.o
#        D:\电路板\OneDrive\brushless\source\EWARM\source\Obj\startup_stm32f103xe.o
#        D:\电路板\OneDrive\brushless\source\EWARM\source\Obj\stm32f1xx_hal.o
#        D:\电路板\OneDrive\brushless\source\EWARM\source\Obj\stm32f1xx_hal_can.o
#        D:\电路板\OneDrive\brushless\source\EWARM\source\Obj\stm32f1xx_hal_cortex.o
#        D:\电路板\OneDrive\brushless\source\EWARM\source\Obj\stm32f1xx_hal_dma.o
#        D:\电路板\OneDrive\brushless\source\EWARM\source\Obj\stm32f1xx_hal_flash.o
#        D:\电路板\OneDrive\brushless\source\EWARM\source\Obj\stm32f1xx_hal_flash_ex.o
#        D:\电路板\OneDrive\brushless\source\EWARM\source\Obj\stm32f1xx_hal_gpio.o
#        D:\电路板\OneDrive\brushless\source\EWARM\source\Obj\stm32f1xx_hal_gpio_ex.o
#        D:\电路板\OneDrive\brushless\source\EWARM\source\Obj\stm32f1xx_hal_msp.o
#        D:\电路板\OneDrive\brushless\source\EWARM\source\Obj\stm32f1xx_hal_pwr.o
#        D:\电路板\OneDrive\brushless\source\EWARM\source\Obj\stm32f1xx_hal_rcc.o
#        D:\电路板\OneDrive\brushless\source\EWARM\source\Obj\stm32f1xx_hal_rcc_ex.o
#        D:\电路板\OneDrive\brushless\source\EWARM\source\Obj\stm32f1xx_hal_spi.o
#        D:\电路板\OneDrive\brushless\source\EWARM\source\Obj\stm32f1xx_hal_spi_ex.o
#        D:\电路板\OneDrive\brushless\source\EWARM\source\Obj\stm32f1xx_hal_tim.o
#        D:\电路板\OneDrive\brushless\source\EWARM\source\Obj\stm32f1xx_hal_tim_ex.o
#        D:\电路板\OneDrive\brushless\source\EWARM\source\Obj\stm32f1xx_hal_uart.o
#        D:\电路板\OneDrive\brushless\source\EWARM\source\Obj\stm32f1xx_it.o
#        D:\电路板\OneDrive\brushless\source\EWARM\source\Obj\system_stm32f1xx.o
#        D:\电路板\OneDrive\brushless\source\EWARM\source\Obj\tim.o
#        D:\电路板\OneDrive\brushless\source\EWARM\source\Obj\usart.o
#        --redirect _Printf=_PrintfFull --redirect _Scanf=_ScanfFull -o
#        D:\电路板\OneDrive\brushless\source\EWARM\source\Exe\source.out
#        --map
#        D:\电路板\OneDrive\brushless\source\EWARM\source\List\source.map
#        --config
#        D:\电路板\OneDrive\brushless\source\EWARM/stm32f103xe_flash.icf
#        --semihosting --entry __iar_program_start --vfe --text_out locale)
#
###############################################################################

*******************************************************************************
*** RUNTIME MODEL ATTRIBUTES
***

CppFlavor       = *
__Heap_Handler  = DLMalloc
__SystemLibrary = DLib
__dlib_version  = 6


*******************************************************************************
*** HEAP SELECTION
***

The advanced heap was selected because the application calls memory
allocation functions outside of system library functions, and there
are calls to deallocation functions in the application.


*******************************************************************************
*** PLACEMENT SUMMARY
***

"A0":  place at 0x08000000 { ro section .intvec };
"P1":  place in [from 0x08000000 to 0x0807ffff] { ro };
define block CSTACK with size = 1K, alignment = 8 { };
define block HEAP with size = 512, alignment = 8 { };
"P2":  place in [from 0x20000000 to 0x2000ffff] {
          rw, block CSTACK, block HEAP };
initialize by copy { rw };

  Section            Kind        Address    Size  Object
  -------            ----        -------    ----  ------
"A0":                                      0x130
  .intvec            ro code  0x08000000   0x130  startup_stm32f103xe.o [1]
                            - 0x08000130   0x130

"P1":                                     0x7614
  .text              ro code  0x08000130  0x14d4  dlmalloc.o [3]
  .text              ro code  0x08001604     0x6  abort.o [3]
  .text              ro code  0x0800160a    0x1e  xencoding_8859_1.o [3]
  .text              ro code  0x08001628    0x2c  xgetmemchunk.o [3]
  .text              ro code  0x08001654    0x14  exit.o [6]
  .text              ro code  0x08001668   0xf96  xprintffull.o [3]
  .text              ro code  0x080025fe    0x1a  xsnprout.o [3]
  .text              ro code  0x08002618    0xa4  xlocale_c.o [3]
  .text              ro code  0x080026bc    0x16  strchr.o [5]
  .text              ro code  0x080026d4    0x40  xfail_s.o [3]
  .text              ro code  0x08002714    0x36  strlen.o [5]
  .text              ro code  0x0800274c    0x58  memchr.o [5]
  .text              ro code  0x080027a4     0xa  xmbcurmax.o [3]
  .text              ro code  0x080027b0    0xa6  ABImemcpy.o [5]
  .text              ro code  0x08002858   0x22e  I64DivMod.o [5]
  .text              ro code  0x08002a88   0x1a2  DblMul.o [4]
  .text              ro code  0x08002c2c    0x70  frexp.o [4]
  .text              ro code  0x08002c9c    0x2e  DblCmpLe.o [4]
  .text              ro code  0x08002ccc    0x2e  DblCmpGe.o [4]
  .text              ro code  0x08002cfc   0x13a  ldexp.o [4]
  .text              ro code  0x08002e38    0x3a  DblToS32.o [4]
  .text              ro code  0x08002e74    0x22  S32ToDbl.o [4]
  .text              ro code  0x08002e98    0xe2  DblSub.o [4]
  .text              ro code  0x08002f7c   0x246  DblDiv.o [4]
  .text              ro code  0x080031c4    0x28  DblToU32.o [4]
  .text              ro code  0x080031ec    0x1a  U32ToDbl.o [4]
  .text              ro code  0x08003208     0x2  I64DivZer.o [5]
  .text              ro code  0x0800320c   0x178  DblAdd.o [4]
  .text              ro code  0x08003384   0x4ec  stm32f1xx_hal_spi.o [1]
  .text              ro code  0x08003870    0xac  stm32f1xx_hal_spi_ex.o [1]
  .text              ro code  0x0800391c     0xc  stm32f1xx_hal.o [1]
  .text              ro code  0x08003928    0xdc  spi.o [1]
  .text              ro code  0x08003a04   0x188  main.o [1]
  .text              ro code  0x08003b8c   0x200  stm32f1xx_hal_gpio.o [1]
  .text              ro code  0x08003d8c    0x24  stm32f1xx_hal.o [1]
  .text              ro code  0x08003db0   0x20c  gpio.o [1]
  .text              ro code  0x08003fbc    0xe8  can.o [1]
  .text              ro code  0x080040a4   0x1f8  tim.o [1]
  .text              ro code  0x0800429c   0x16c  usart.o [1]
  .text              ro code  0x08004408   0x3e4  command.o [1]
  .text              ro code  0x080047ec   0x27c  board.o [1]
  .text              ro code  0x08004a68   0x4c6  stm32f1xx_hal_rcc.o [1]
  .text              ro code  0x08004f30    0xe4  stm32f1xx_hal_cortex.o [1]
  .text              ro code  0x08005014    0x24  stm32f1xx_hal.o [1]
  .text              ro code  0x08005038    0x60  stm32f1xx_hal_msp.o [1]
  .text              ro code  0x08005098   0x386  stm32f1xx_hal_can.o [1]
  .text              ro code  0x08005420   0x4d8  stm32f1xx_hal_tim.o [1]
  .text              ro code  0x080058f8    0x4c  stm32f1xx_hal_tim_ex.o [1]
  .text              ro code  0x08005944   0x4dc  stm32f1xx_hal_uart.o [1]
  .text              ro code  0x08005e20    0x3c  vsnprint.o [3]
  .text              ro code  0x08005e5c    0x48  FltToDbl.o [4]
  .text              ro code  0x08005ea4    0x14  isalpha.o [3]
  .text              ro code  0x08005eb8   0x468  strto64.o [4]
  .text              ro code  0x08006320    0x68  DblToFlt.o [4]
  .text              ro code  0x08006388     0x4  heaptramp0.o [3]
  .text              ro code  0x0800638c    0x24  FltCmpLe.o [4]
  .text              ro code  0x080063b0    0x24  FltCmpGe.o [4]
  .text              ro code  0x080063d4    0x1c  U32ToFlt.o [4]
  .text              ro code  0x080063f0    0xd8  FltMul.o [4]
  .text              ro code  0x080064c8    0x2a  FltToS32.o [4]
  .text              ro code  0x080064f4    0xfc  FltDiv.o [4]
  .text              ro code  0x080065f0    0x18  stm32f1xx_hal.o [1]
  .text              ro code  0x08006608     0x2  stm32f1xx_hal_can.o [1]
  .text              ro code  0x0800660a     0x2  stm32f1xx_hal_can.o [1]
  .text              ro code  0x0800660c     0x2  stm32f1xx_hal_can.o [1]
  .text              ro code  0x0800660e     0x2  stm32f1xx_hal_tim.o [1]
  .text              ro code  0x08006610     0x2  stm32f1xx_hal_tim.o [1]
  .text              ro code  0x08006612     0x2  stm32f1xx_hal_tim_ex.o [1]
  .text              ro code  0x08006614     0x2  stm32f1xx_hal_tim.o [1]
  .text              ro code  0x08006616     0x2  stm32f1xx_hal_tim_ex.o [1]
  .text              ro code  0x08006618     0x2  stm32f1xx_hal_tim.o [1]
  .text              ro code  0x0800661a     0x2  stm32f1xx_hal_uart.o [1]
  .text              ro code  0x0800661c     0x2  stm32f1xx_hal_uart.o [1]
  .text              ro code  0x0800661e   0x122  iar_Stopfx.o [3]
  .text              ro code  0x08006740   0x1c8  iar_Stoflt.o [3]
  .text              ro code  0x08006908   0x21c  iar_Stoxflt.o [3]
  .text              ro code  0x08006b24    0x14  isspace.o [3]
  .text              ro code  0x08006b38   0x4b8  cmd_fun.o [1]
  .text              ro code  0x08006ff0    0x24  S32ToFlt.o [4]
  .text              ro code  0x08007014   0x17c  base.o [1]
  .text              ro code  0x08007190   0x14c  stm32f1xx_hal_flash.o [1]
  .text              ro code  0x080072dc    0xd8  stm32f1xx_hal_flash_ex.o [1]
  .text              ro code  0x080073b4    0x1e  U64Shr.o [5]
  .text              ro code  0x080073d4    0x5c  system_stm32f1xx.o [1]
  .text              ro code  0x08007430    0x50  stm32f1xx_it.o [1]
  .text              ro code  0x08007480    0x10  stm32f1xx_hal.o [1]
  .text              ro code  0x08007490    0x40  zero_init3.o [5]
  .text              ro code  0x080074d0    0x38  packbits_init_single.o [5]
  .text              ro code  0x08007508    0x28  data_init.o [5]
  .iar.init_table    const    0x08007530    0x20  - Linker created -
  .text              ro code  0x08007550    0x1e  cmain.o [5]
  .text              ro code  0x0800756e     0x4  low_level_init.o [3]
  .text              ro code  0x08007572     0x4  exit.o [3]
  .text              ro code  0x08007578     0xa  cexit.o [5]
  .rodata            const    0x08007584    0x14  base.o [1]
  .text              ro code  0x08007598    0x10  startup_stm32f103xe.o [1]
  .rodata            const    0x080075a8     0xc  cmd_fun.o [1]
  .text              ro code  0x080075b4     0xc  cstartup_M.o [5]
  .rodata            const    0x080075c0     0x8  system_stm32f1xx.o [1]
  .rodata            const    0x080075c8     0x6  xlocale_c.o [3]
  .text              ro code  0x080075ce     0x4  startup_stm32f103xe.o [1]
  .text              ro code  0x080075d2     0x4  startup_stm32f103xe.o [1]
  .text              ro code  0x080075d6     0x4  startup_stm32f103xe.o [1]
  .text              ro code  0x080075da     0x4  startup_stm32f103xe.o [1]
  .text              ro code  0x080075de     0x4  startup_stm32f103xe.o [1]
  .text              ro code  0x080075e2     0x4  startup_stm32f103xe.o [1]
  .text              ro code  0x080075e6     0x4  startup_stm32f103xe.o [1]
  .text              ro code  0x080075ea     0x4  startup_stm32f103xe.o [1]
  .text              ro code  0x080075ee     0x4  startup_stm32f103xe.o [1]
  .text              ro code  0x080075f2     0x4  startup_stm32f103xe.o [1]
  .text              ro code  0x080075f6     0x4  startup_stm32f103xe.o [1]
  .text              ro code  0x080075fa     0x4  startup_stm32f103xe.o [1]
  .text              ro code  0x080075fe     0x4  startup_stm32f103xe.o [1]
  .text              ro code  0x08007602     0x4  startup_stm32f103xe.o [1]
  .text              ro code  0x08007606     0x4  startup_stm32f103xe.o [1]
  .text              ro code  0x0800760a     0x4  startup_stm32f103xe.o [1]
  .text              ro code  0x0800760e     0x4  startup_stm32f103xe.o [1]
  .text              ro code  0x08007612     0x4  startup_stm32f103xe.o [1]
  .text              ro code  0x08007616     0x4  startup_stm32f103xe.o [1]
  .text              ro code  0x0800761a     0x4  startup_stm32f103xe.o [1]
  .text              ro code  0x0800761e     0x4  startup_stm32f103xe.o [1]
  .text              ro code  0x08007622     0x4  startup_stm32f103xe.o [1]
  .text              ro code  0x08007626     0x4  startup_stm32f103xe.o [1]
  .text              ro code  0x0800762a     0x4  startup_stm32f103xe.o [1]
  .text              ro code  0x0800762e     0x4  startup_stm32f103xe.o [1]
  .text              ro code  0x08007632     0x4  startup_stm32f103xe.o [1]
  .text              ro code  0x08007636     0x4  startup_stm32f103xe.o [1]
  .text              ro code  0x0800763a     0x4  startup_stm32f103xe.o [1]
  .text              ro code  0x0800763e     0x4  startup_stm32f103xe.o [1]
  .text              ro code  0x08007642     0x4  startup_stm32f103xe.o [1]
  .text              ro code  0x08007646     0x4  startup_stm32f103xe.o [1]
  .text              ro code  0x0800764a     0x4  startup_stm32f103xe.o [1]
  .text              ro code  0x0800764e     0x4  startup_stm32f103xe.o [1]
  .text              ro code  0x08007652     0x4  startup_stm32f103xe.o [1]
  .text              ro code  0x08007656     0x4  startup_stm32f103xe.o [1]
  .text              ro code  0x0800765a     0x4  startup_stm32f103xe.o [1]
  .text              ro code  0x0800765e     0x4  startup_stm32f103xe.o [1]
  .text              ro code  0x08007662     0x4  startup_stm32f103xe.o [1]
  .text              ro code  0x08007666     0x4  startup_stm32f103xe.o [1]
  .text              ro code  0x0800766a     0x4  startup_stm32f103xe.o [1]
  .text              ro code  0x0800766e     0x4  startup_stm32f103xe.o [1]
  .text              ro code  0x08007672     0x4  startup_stm32f103xe.o [1]
  .text              ro code  0x08007676     0x4  startup_stm32f103xe.o [1]
  .text              ro code  0x0800767a     0x4  startup_stm32f103xe.o [1]
  .text              ro code  0x0800767e     0x4  startup_stm32f103xe.o [1]
  .text              ro code  0x08007682     0x4  startup_stm32f103xe.o [1]
  .text              ro code  0x08007686     0x4  startup_stm32f103xe.o [1]
  .text              ro code  0x0800768a     0x4  startup_stm32f103xe.o [1]
  .text              ro code  0x0800768e     0x4  startup_stm32f103xe.o [1]
  .text              ro code  0x08007692     0x4  startup_stm32f103xe.o [1]
  .text              ro code  0x08007696     0x4  startup_stm32f103xe.o [1]
  .text              ro code  0x0800769a     0x4  startup_stm32f103xe.o [1]
  .text              ro code  0x0800769e     0x4  startup_stm32f103xe.o [1]
  .text              ro code  0x080076a2     0x4  startup_stm32f103xe.o [1]
  .rodata            const    0x080076a6     0x0  zero_init3.o [5]
  .rodata            const    0x080076a6     0x0  packbits_init_single.o [5]
  Initializer bytes  const    0x080076a6    0x9e  <for P2-1>
                            - 0x08007744  0x7614

"P2", part 1 of 3:                         0x13a
  P2-1                        0x20000000   0x13a  <Init block>
    .data            inited   0x20000000    0x10  base.o [1]
    .data            inited   0x20000010    0x48  board.o [1]
    .data            inited   0x20000058    0x50  cmd_fun.o [1]
    .data            inited   0x200000a8     0x4  system_stm32f1xx.o [1]
    .data            inited   0x200000ac    0x38  xlocale_c.o [3]
    .data            inited   0x200000e4    0x48  xlocale_c.o [3]
    .data            inited   0x2000012c     0x2  board.o [1]
    .data            inited   0x2000012e     0x2  board.o [1]
    .data            inited   0x20000130     0x2  board.o [1]
    .data            inited   0x20000132     0x2  board.o [1]
    .data            inited   0x20000134     0x2  board.o [1]
    .data            inited   0x20000136     0x2  board.o [1]
    .data            inited   0x20000138     0x2  board.o [1]
                            - 0x2000013a   0x13a

"P2", part 2 of 3:                         0x5dc
  .bss               zero     0x2000013c   0x1d8  dlmalloc.o [3]
  .bss               zero     0x20000314   0x194  command.o [1]
  .bss               zero     0x200004a8    0xd0  usart.o [1]
  .bss               zero     0x20000578    0x58  spi.o [1]
  .bss               zero     0x200005d0    0x40  can.o [1]
  .bss               zero     0x20000610    0x3c  tim.o [1]
  .bss               zero     0x2000064c    0x3c  tim.o [1]
  .bss               zero     0x20000688    0x3c  tim.o [1]
  .bss               zero     0x200006c8    0x20  stm32f1xx_hal_flash.o [1]
  .bss               zero     0x200006e8    0x18  dlmalloc.o [3]
  .bss               zero     0x20000700     0x4  board.o [1]
  .bss               zero     0x20000704     0x4  board.o [1]
  .bss               zero     0x20000708     0x4  stm32f1xx_hal.o [1]
  .bss               zero     0x2000070c     0x4  xgetmemchunk.o [3]
  .bss               zero     0x20000710     0x4  xfail_s.o [3]
  .bss               zero     0x20000714     0x1  board.o [1]
  .bss               zero     0x20000715     0x1  board.o [1]
  .bss               zero     0x20000716     0x1  stm32f1xx_hal_spi_ex.o [1]
                            - 0x20000717   0x5db

"P2", part 3 of 3:                         0x600
  CSTACK                      0x20000718   0x400  <Block>
    CSTACK           uninit   0x20000718   0x400  <Block tail>
  HEAP                        0x20000b18   0x200  <Block>
    HEAP             uninit   0x20000b18   0x200  <Block tail>
                            - 0x20000d18   0x600


*******************************************************************************
*** INIT TABLE
***

          Address     Size
          -------     ----
Zero (__iar_zero_init3)
    1 destination range, total size 0x5db:
          0x2000013c  0x5db

Copy/packbits (__iar_packbits_init_single3)
    1 source range, total size 0x9e (50% of destination):
          0x080076a6   0x9e
    1 destination range, total size 0x13a:
          0x20000000  0x13a



*******************************************************************************
*** MODULE SUMMARY
***

    Module                    ro code  ro data  rw data
    ------                    -------  -------  -------
D:\电路板\OneDrive\brushless\source\EWARM\source\Obj: [1]
    base.o                        380       28       16
    board.o                       636       44       96
    can.o                         232                64
    cmd_fun.o                   1 208       52       80
    command.o                     996               404
    gpio.o                        524
    main.o                        392
    spi.o                         220                88
    startup_stm32f103xe.o         536
    stm32f1xx_hal.o               124                 4
    stm32f1xx_hal_can.o           908
    stm32f1xx_hal_cortex.o        228
    stm32f1xx_hal_flash.o         332                32
    stm32f1xx_hal_flash_ex.o      216
    stm32f1xx_hal_gpio.o          512
    stm32f1xx_hal_msp.o            96
    stm32f1xx_hal_rcc.o         1 222
    stm32f1xx_hal_spi.o         1 260
    stm32f1xx_hal_spi_ex.o        172                 1
    stm32f1xx_hal_tim.o         1 248
    stm32f1xx_hal_tim_ex.o         80
    stm32f1xx_hal_uart.o        1 248
    stm32f1xx_it.o                 80
    system_stm32f1xx.o             92       10        4
    tim.o                         504               180
    usart.o                       364               208
    ---------------------------------------------------
    Total:                     13 810      134    1 177

command line: [2]
    ---------------------------------------------------
    Total:

dl7M_tlf.a: [3]
    abort.o                         6
    dlmalloc.o                  5 332               496
    exit.o                          4
    heaptramp0.o                    4
    iar_Stoflt.o                  456
    iar_Stopfx.o                  290
    iar_Stoxflt.o                 540
    isalpha.o                      20
    isspace.o                      20
    low_level_init.o                4
    vsnprint.o                     60
    xencoding_8859_1.o             30
    xfail_s.o                      64                 4
    xgetmemchunk.o                 44                 4
    xlocale_c.o                   164       70      128
    xmbcurmax.o                    10
    xprintffull.o               3 990
    xsnprout.o                     26
    ---------------------------------------------------
    Total:                     11 064       70      632

m7M_tl.a: [4]
    DblAdd.o                      376
    DblCmpGe.o                     46
    DblCmpLe.o                     46
    DblDiv.o                      582
    DblMul.o                      418
    DblSub.o                      226
    DblToFlt.o                    104
    DblToS32.o                     58
    DblToU32.o                     40
    FltCmpGe.o                     36
    FltCmpLe.o                     36
    FltDiv.o                      252
    FltMul.o                      216
    FltToDbl.o                     72
    FltToS32.o                     42
    S32ToDbl.o                     34
    S32ToFlt.o                     36
    U32ToDbl.o                     26
    U32ToFlt.o                     28
    frexp.o                       112
    ldexp.o                       314
    strto64.o                   1 128
    ---------------------------------------------------
    Total:                      4 228

rt7M_tl.a: [5]
    ABImemcpy.o                   166
    I64DivMod.o                   558
    I64DivZer.o                     2
    U64Shr.o                       30
    cexit.o                        10
    cmain.o                        30
    cstartup_M.o                   12
    data_init.o                    40
    memchr.o                       88
    packbits_init_single.o         56
    strchr.o                       22
    strlen.o                       54
    zero_init3.o                   64
    ---------------------------------------------------
    Total:                      1 132

shb_l.a: [6]
    exit.o                         20
    ---------------------------------------------------
    Total:                         20

    Gaps                           40        2        4
    Linker created                          32    1 536
-------------------------------------------------------
    Grand Total:               30 294      238    3 349


*******************************************************************************
*** ENTRY LIST
***

Entry                      Address   Size  Type      Object
-----                      -------   ----  ----      ------
.iar.init_table$$Base   0x08007530          --   Gb  - Linker created -
.iar.init_table$$Limit  0x08007550          --   Gb  - Linker created -
?main                   0x08007551         Code  Gb  cmain.o [5]
AB                      0x2000012c    0x2  Data  Gb  board.o [1]
AC                      0x2000012e    0x2  Data  Gb  board.o [1]
AHBPrescTable           0x08007420   0x10  Data  Gb  system_stm32f1xx.o [1]
APBPrescTable           0x080075c0    0x8  Data  Gb  system_stm32f1xx.o [1]
BA                      0x20000132    0x2  Data  Gb  board.o [1]
BC                      0x20000130    0x2  Data  Gb  board.o [1]
Board_Mode              0x20000714    0x1  Data  Gb  board.o [1]
BusFault_Handler        0x08007437    0x2  Code  Gb  stm32f1xx_it.o [1]
CA                      0x20000134    0x2  Data  Gb  board.o [1]
CAN_Receive_IT          0x08005311   0xea  Code  Lc  stm32f1xx_hal_can.o [1]
CB                      0x20000136    0x2  Data  Gb  board.o [1]
CMD                     0x20000314  0x194  Data  Gb  command.o [1]
CSTACK$$Base            0x20000718          --   Gb  - Linker created -
CSTACK$$Limit           0x20000b18          --   Gb  - Linker created -
CacheMore               0x0800264d   0x24  Code  Lc  xlocale_c.o [3]
Close_Phases            0x08004913   0x34  Code  Gb  board.o [1]
DebugMon_Handler        0x0800743d    0x2  Code  Gb  stm32f1xx_it.o [1]
Dtentox                 0x08005fc5  0x18c  Code  Lc  strto64.o [4]
EXTI3_IRQHandler        0x0800744f    0x6  Code  Gb  stm32f1xx_it.o [1]
EXTI4_IRQHandler        0x08007455    0x6  Code  Gb  stm32f1xx_it.o [1]
EXTI9_5_IRQHandler      0x08007461    0x6  Code  Gb  stm32f1xx_it.o [1]
FLASH_MassErase         0x0800736d   0x1a  Code  Lc  stm32f1xx_hal_flash_ex.o [1]
FLASH_PageErase         0x0800738f   0x1c  Code  Gb  stm32f1xx_hal_flash_ex.o [1]
FLASH_Program_HalfWord  0x08007221   0x16  Code  Lc  stm32f1xx_hal_flash.o [1]
FLASH_SetErrorCode      0x08007287   0x3c  Code  Lc  stm32f1xx_hal_flash.o [1]
FLASH_WaitForLastOperation
                        0x08007237   0x50  Code  Gb  stm32f1xx_hal_flash.o [1]
First_Time_Check        0x20000000    0x1  Data  Gb  base.o [1]
Get_Hall_Position       0x0800497b    0xa  Code  Gb  board.o [1]
HAL_CAN_IRQHandler      0x08005199  0x16c  Code  Gb  stm32f1xx_hal_can.o [1]
HAL_CAN_Init            0x08005099   0xe4  Code  Gb  stm32f1xx_hal_can.o [1]
HAL_CAN_MspInit         0x08003ffd   0x62  Code  Gb  can.o [1]
HAL_Delay               0x080065f1   0x18  Code  Wk  stm32f1xx_hal.o [1]
HAL_FLASHEx_Erase       0x080072dd   0x90  Code  Gb  stm32f1xx_hal_flash_ex.o [1]
HAL_FLASH_Lock          0x0800720b    0xa  Code  Gb  stm32f1xx_hal_flash.o [1]
HAL_FLASH_Program       0x08007191   0x6c  Code  Gb  stm32f1xx_hal_flash.o [1]
HAL_FLASH_Unlock        0x080071fd    0xe  Code  Gb  stm32f1xx_hal_flash.o [1]
HAL_GPIO_EXTI_Callback  0x08003ec1   0x92  Code  Gb  gpio.o [1]
HAL_GPIO_EXTI_IRQHandler
                        0x08003d3b   0x10  Code  Gb  stm32f1xx_hal_gpio.o [1]
HAL_GPIO_Init           0x08003b8d  0x196  Code  Gb  stm32f1xx_hal_gpio.o [1]
HAL_GPIO_ReadPin        0x08003d23    0xc  Code  Gb  stm32f1xx_hal_gpio.o [1]
HAL_GPIO_WritePin       0x08003d2f    0xc  Code  Gb  stm32f1xx_hal_gpio.o [1]
HAL_GetTick             0x0800391d    0xc  Code  Wk  stm32f1xx_hal.o [1]
HAL_IncTick             0x08007481   0x10  Code  Wk  stm32f1xx_hal.o [1]
HAL_Init                0x08003d8d   0x20  Code  Gb  stm32f1xx_hal.o [1]
HAL_InitTick            0x08005015   0x24  Code  Wk  stm32f1xx_hal.o [1]
HAL_MspInit             0x08005039   0x60  Code  Gb  stm32f1xx_hal_msp.o [1]
HAL_NVIC_EnableIRQ      0x08004fa3    0xa  Code  Gb  stm32f1xx_hal_cortex.o [1]
HAL_NVIC_SetPriority    0x08004f69   0x3a  Code  Gb  stm32f1xx_hal_cortex.o [1]
HAL_NVIC_SetPriorityGrouping
                        0x08004f4f   0x1a  Code  Gb  stm32f1xx_hal_cortex.o [1]
HAL_RCC_ClockConfig     0x08004d5d  0x110  Code  Gb  stm32f1xx_hal_rcc.o [1]
HAL_RCC_GetHCLKFreq     0x08004ec5    0x6  Code  Gb  stm32f1xx_hal_rcc.o [1]
HAL_RCC_GetPCLK1Freq    0x08004ecb   0x10  Code  Gb  stm32f1xx_hal_rcc.o [1]
HAL_RCC_GetPCLK2Freq    0x08004edb    0xe  Code  Gb  stm32f1xx_hal_rcc.o [1]
HAL_RCC_GetSysClockFreq
                        0x08004e8d   0x38  Code  Gb  stm32f1xx_hal_rcc.o [1]
HAL_RCC_GetSysClockFreq::aPLLMULFactorTable
                        0x08004f1c   0x10  Data  Lc  stm32f1xx_hal_rcc.o [1]
HAL_RCC_GetSysClockFreq::aPredivFactorTable
                        0x08004f2c    0x2  Data  Lc  stm32f1xx_hal_rcc.o [1]
HAL_RCC_OscConfig       0x08004a69  0x2ce  Code  Gb  stm32f1xx_hal_rcc.o [1]
HAL_SPI_Init            0x08003871   0x84  Code  Gb  stm32f1xx_hal_spi_ex.o [1]
HAL_SPI_MspInit         0x0800396d   0x52  Code  Gb  spi.o [1]
HAL_SPI_Receive         0x08003385  0x164  Code  Gb  stm32f1xx_hal_spi.o [1]
HAL_SPI_TransmitReceive
                        0x08003525  0x204  Code  Gb  stm32f1xx_hal_spi.o [1]
HAL_SYSTICK_CLKSourceConfig
                        0x08004fdf   0x1a  Code  Gb  stm32f1xx_hal_cortex.o [1]
HAL_SYSTICK_Callback    0x08003ac5   0x5a  Code  Gb  main.o [1]
HAL_SYSTICK_Config      0x08004fb7   0x28  Code  Gb  stm32f1xx_hal_cortex.o [1]
HAL_SYSTICK_IRQHandler  0x08005011    0x4  Code  Gb  stm32f1xx_hal_cortex.o [1]
HAL_TIMEx_BreakCallback
                        0x08006613    0x2  Code  Wk  stm32f1xx_hal_tim_ex.o [1]
HAL_TIMEx_CommutationCallback
                        0x08006617    0x2  Code  Wk  stm32f1xx_hal_tim_ex.o [1]
HAL_TIMEx_MasterConfigSynchronization
                        0x080058f9   0x4a  Code  Gb  stm32f1xx_hal_tim_ex.o [1]
HAL_TIM_Base_Init       0x08005421   0x1a  Code  Gb  stm32f1xx_hal_tim.o [1]
HAL_TIM_Base_MspInit    0x080041ef   0x38  Code  Gb  tim.o [1]
HAL_TIM_Base_Start_IT   0x0800543b   0x16  Code  Gb  stm32f1xx_hal_tim.o [1]
HAL_TIM_IRQHandler      0x080054d5  0x142  Code  Gb  stm32f1xx_hal_tim.o [1]
HAL_TIM_MspPostInit     0x08004227   0x22  Code  Gb  tim.o [1]
HAL_TIM_PWM_ConfigChannel
                        0x0800561d   0xc0  Code  Gb  stm32f1xx_hal_tim.o [1]
HAL_TIM_PWM_Init        0x0800547b   0x1a  Code  Gb  stm32f1xx_hal_tim.o [1]
HAL_TIM_PWM_MspInit     0x080041cd   0x22  Code  Gb  tim.o [1]
HAL_TIM_PWM_Start       0x08005495   0x14  Code  Gb  stm32f1xx_hal_tim.o [1]
HAL_TIM_PeriodElapsedCallback
                        0x08004265    0x2  Code  Gb  tim.o [1]
HAL_UART_IRQHandler     0x08005ae1  0x11e  Code  Gb  stm32f1xx_hal_uart.o [1]
HAL_UART_Init           0x08005945   0x1e  Code  Gb  stm32f1xx_hal_uart.o [1]
HAL_UART_MspInit        0x080042e9   0x64  Code  Gb  usart.o [1]
HAL_UART_Receive_IT     0x08005a79   0x62  Code  Gb  stm32f1xx_hal_uart.o [1]
HAL_UART_RxCpltCallback
                        0x08004383   0x3c  Code  Gb  usart.o [1]
HAL_UART_Transmit       0x080059bb   0x96  Code  Gb  stm32f1xx_hal_uart.o [1]
HEAP$$Base              0x20000b18          --   Gb  - Linker created -
HEAP$$Limit             0x20000d18          --   Gb  - Linker created -
Hall_Position           0x20000715    0x1  Data  Gb  board.o [1]
HardFault_Handler       0x08007433    0x2  Code  Gb  stm32f1xx_it.o [1]
LoadInt                 0x08001857   0x7a  Code  Lc  xprintffull.o [3]
MX_CAN_Init             0x08003fbd   0x40  Code  Gb  can.o [1]
MX_GPIO_Init            0x08003db1   0xf0  Code  Gb  gpio.o [1]
MX_SPI2_Init            0x08003929   0x44  Code  Gb  spi.o [1]
MX_TIM2_Init            0x080040a5   0x90  Code  Gb  tim.o [1]
MX_TIM6_Init            0x0800413d   0x4c  Code  Gb  tim.o [1]
MX_TIM7_Init            0x0800419d   0x30  Code  Gb  tim.o [1]
MX_UART5_Init           0x0800429d   0x4c  Code  Gb  usart.o [1]
MemManage_Handler       0x08007435    0x2  Code  Gb  stm32f1xx_it.o [1]
Motor_Duty              0x20000054    0x4  Data  Gb  board.o [1]
NMI_Handler             0x08007431    0x2  Code  Gb  stm32f1xx_it.o [1]
NVIC_SetPriority        0x08004f31   0x1e  Code  Lc  stm32f1xx_hal_cortex.o [1]
PendSV_Handler          0x0800743f    0x2  Code  Gb  stm32f1xx_it.o [1]
Phase_Change            0x08004849   0x26  Code  Gb  board.o [1]
Phase_Const             0x08004a38   0x18  Data  Gb  board.o [1]
Phase_Const_Reverse     0x08004a50   0x18  Data  Gb  board.o [1]
Phase_Open_Cnt          0x20000704    0x4  Data  Gb  board.o [1]
Phase_Table             0x20000018   0x1c  Data  Gb  board.o [1]
Phase_Table_Init        0x08004815   0x34  Code  Gb  board.o [1]
Phase_Table_Reverse     0x20000034   0x1c  Data  Gb  board.o [1]
Phase_Table_Using       0x20000050    0x4  Data  Gb  board.o [1]
Phase_Test_Table        0x20000010    0x8  Data  Gb  board.o [1]
Pram_Array              0x20000004    0xc  Data  Gb  base.o [1]
Read_Mag                0x08004947   0x34  Code  Gb  board.o [1]
Region$$Table$$Base     0x08007530          --   Gb  - Linker created -
Region$$Table$$Limit    0x08007550          --   Gb  - Linker created -
SPI_ISCRCErrorValid     0x080038f5   0x1a  Code  Gb  stm32f1xx_hal_spi_ex.o [1]
SPI_WaitOnFlagUntilTimeout
                        0x080037d1   0x82  Code  Lc  stm32f1xx_hal_spi.o [1]
SVC_Handler             0x0800743b    0x2  Code  Gb  stm32f1xx_it.o [1]
Set_Motor_Duty          0x080047ed   0x26  Code  Gb  board.o [1]
Set_Phase_High_Speed    0x08004893   0x7a  Code  Gb  board.o [1]
Set_Phase_Low_State     0x0800486f   0x24  Code  Gb  board.o [1]
Set_To_Statble_Positon  0x08004985   0x52  Code  Gb  board.o [1]
Start_Position          0x20000138    0x2  Data  Gb  board.o [1]
SysTick_Handler         0x08007441    0xe  Code  Gb  stm32f1xx_it.o [1]
SystemClock_Config      0x08003a51   0x72  Code  Gb  main.o [1]
SystemCoreClock         0x200000a8    0x4  Data  Gb  system_stm32f1xx.o [1]
SystemInit              0x080073d5   0x3a  Code  Gb  system_stm32f1xx.o [1]
TIM6_IRQHandler         0x0800746d    0x6  Code  Gb  stm32f1xx_it.o [1]
TIM_Base_SetConfig      0x08005705   0x6c  Code  Gb  stm32f1xx_hal_tim.o [1]
TIM_CCxChannelCmd       0x080058e1   0x12  Code  Gb  stm32f1xx_hal_tim.o [1]
TIM_OC1_SetConfig       0x08005771   0x52  Code  Lc  stm32f1xx_hal_tim.o [1]
TIM_OC2_SetConfig       0x080057c3   0x60  Code  Gb  stm32f1xx_hal_tim.o [1]
TIM_OC3_SetConfig       0x08005823   0x58  Code  Lc  stm32f1xx_hal_tim.o [1]
TIM_OC4_SetConfig       0x08005887   0x46  Code  Lc  stm32f1xx_hal_tim.o [1]
Test_Table_Cnt          0x20000700    0x4  Data  Gb  board.o [1]
UART5_IRQHandler        0x08007467    0x6  Code  Gb  stm32f1xx_it.o [1]
UART_Receive_IT         0x08005c91   0xaa  Code  Lc  stm32f1xx_hal_uart.o [1]
UART_SetConfig          0x08005d3b   0xde  Code  Lc  stm32f1xx_hal_uart.o [1]
UART_WaitOnFlagUntilTimeout
                        0x08005bff   0x92  Code  Lc  stm32f1xx_hal_uart.o [1]
USB_LP_CAN1_RX0_IRQHandler
                        0x0800745b    0x6  Code  Gb  stm32f1xx_it.o [1]
UsageFault_Handler      0x08007439    0x2  Code  Gb  stm32f1xx_it.o [1]
Var_List                0x20000058   0x50  Data  Gb  cmd_fun.o [1]
_Encoding_8859_1_Mbrlen
                        0x0800161d    0x2  Code  Gb  xencoding_8859_1.o [3]
_Encoding_8859_1_Wctomb
                        0x0800160b   0x12  Code  Gb  xencoding_8859_1.o [3]
_Error_Handler          0x08003b3d    0x2  Code  Gb  main.o [1]
_GenldFull              0x080022d9  0x274  Code  Lc  xprintffull.o [3]
_LdtobFull              0x08001ead  0x3fe  Code  Lc  xprintffull.o [3]
_LitobFull              0x08001d55  0x112  Code  Lc  xprintffull.o [3]
_LocaleC_isalpha        0x0800261f    0xc  Code  Gb  xlocale_c.o [3]
_LocaleC_islower        0x08002619    0x4  Code  Gb  xlocale_c.o [3]
_LocaleC_isspace        0x08002635   0x14  Code  Gb  xlocale_c.o [3]
_LocaleC_isupper        0x0800261d    0x2  Code  Gb  xlocale_c.o [3]
_Locale_lconv           0x200000ac   0x38  Data  Lc  xlocale_c.o [3]
_PrintfFull             0x08001669  0x1d6  Code  Gb  xprintffull.o [3]
_PutcharsFull           0x0800254d   0x2e  Code  Lc  xprintffull.o [3]
_PutfldFull             0x080018d1  0x2d0  Code  Lc  xprintffull.o [3]
_PutstrFull             0x08001c97   0xbe  Code  Lc  xprintffull.o [3]
_PuttxtFull             0x08001ba1   0xf6  Code  Lc  xprintffull.o [3]
_SNProut                0x080025ff   0x1a  Code  Gb  xsnprout.o [3]
__aeabi_cdcmple         0x08002c9d         Code  Gb  DblCmpLe.o [4]
__aeabi_cdrcmple        0x08002ccd         Code  Gb  DblCmpGe.o [4]
__aeabi_cfcmple         0x0800638d         Code  Gb  FltCmpLe.o [4]
__aeabi_cfrcmple        0x080063b1         Code  Gb  FltCmpGe.o [4]
__aeabi_d2f             0x08006321         Code  Gb  DblToFlt.o [4]
__aeabi_d2iz            0x08002e39         Code  Gb  DblToS32.o [4]
__aeabi_d2uiz           0x080031c5         Code  Gb  DblToU32.o [4]
__aeabi_dadd            0x0800320d         Code  Gb  DblAdd.o [4]
__aeabi_ddiv            0x08002f7d         Code  Gb  DblDiv.o [4]
__aeabi_dmul            0x08002a89         Code  Gb  DblMul.o [4]
__aeabi_dsub            0x08002e99         Code  Gb  DblSub.o [4]
__aeabi_f2d             0x08005e5d         Code  Gb  FltToDbl.o [4]
__aeabi_f2iz            0x080064c9         Code  Gb  FltToS32.o [4]
__aeabi_fdiv            0x080064f5         Code  Gb  FltDiv.o [4]
__aeabi_fmul            0x080063f1         Code  Gb  FltMul.o [4]
__aeabi_i2d             0x08002e75         Code  Gb  S32ToDbl.o [4]
__aeabi_i2f             0x08006ff1         Code  Gb  S32ToFlt.o [4]
__aeabi_ldiv0           0x08003209         Code  Gb  I64DivZer.o [5]
__aeabi_llsr            0x080073b5         Code  Gb  U64Shr.o [5]
__aeabi_memcpy          0x080027b1         Code  Gb  ABImemcpy.o [5]
__aeabi_memcpy4         0x080027d1         Code  Gb  ABImemcpy.o [5]
__aeabi_memcpy8         0x080027d1         Code  Gb  ABImemcpy.o [5]
__aeabi_ui2d            0x080031ed         Code  Gb  U32ToDbl.o [4]
__aeabi_ui2f            0x080063d5         Code  Gb  U32ToFlt.o [4]
__aeabi_uldivmod        0x08002859         Code  Gb  I64DivMod.o [5]
__cmain                 0x08007551         Code  Gb  cmain.o [5]
__data_GetMemChunk      0x08001629   0x2c  Code  Gb  xgetmemchunk.o [3]
__data_GetMemChunk::start
                        0x2000070c    0x4  Data  Lc  xgetmemchunk.o [3]
__exit                  0x08001655   0x14  Code  Gb  exit.o [6]
__iar_Fail_s            0x080026d5   0x1c  Code  Gb  xfail_s.o [3]
__iar_Mbcurmax          0x080027a5    0xa  Code  Gb  xmbcurmax.o [3]
__iar_Memchr            0x0800274d         Code  Gb  memchr.o [5]
__iar_Sto64             0x08006151  0x154  Code  Gb  strto64.o [4]
__iar_Stoflt            0x08006741  0x1c8  Code  Gb  iar_Stoflt.o [3]
__iar_Stopfx            0x0800661f  0x122  Code  Gb  iar_Stopfx.o [3]
__iar_Stoxflt           0x08006909  0x1e6  Code  Gb  iar_Stoxflt.o [3]
__iar_Stoxflt::digits   0x08006af4   0x18  Data  Lc  iar_Stoxflt.o [3]
__iar_Stoxflt::vals     0x08006b0c   0x18  Data  Lc  iar_Stoxflt.o [3]
__iar_Strchr            0x080026bd         Code  Gb  strchr.o [5]
__iar_dadd              0x08002ea9         Code  Gb  DblSub.o [4]
__iar_data_init3        0x08007509   0x28  Code  Gb  data_init.o [5]
__iar_dlfree            0x0800110b  0x4f6  Code  Gb  dlmalloc.o [3]
__iar_dlmalloc          0x08000e55  0x2b6  Code  Gb  dlmalloc.o [3]
__iar_dsub              0x0800321d         Code  Gb  DblAdd.o [4]
__iar_dsubStart         0x0800322f         Code  Gb  DblAdd.o [4]
__iar_frexp             0x08002c39         Code  Gb  frexp.o [4]
__iar_frexp64           0x08002c2d         Code  Gb  frexp.o [4]
__iar_frexpl            0x08002c39         Code  Gb  frexp.o [4]
__iar_globLocale        0x200000e4   0x48  Data  Lc  xlocale_c.o [3]
__iar_global_Locale     0x08002649    0x4  Code  Gb  xlocale_c.o [3]
__iar_ldexp64           0x08002cfd         Code  Gb  ldexp.o [4]
__iar_packbits_init_single3
                        0x080074d1   0x38  Code  Gb  packbits_init_single.o [5]
__iar_program_start     0x080075b5         Code  Gb  cstartup_M.o [5]
__iar_scalbln64         0x08002cfd         Code  Gb  ldexp.o [4]
__iar_scalbn64          0x08002cfd         Code  Gb  ldexp.o [4]
__iar_systems$$module {Abs}
                        0x00000001         Data  Gb  command line/config [2]
__iar_zero_init3        0x08007491   0x40  Code  Gb  zero_init3.o [5]
__low_level_init        0x0800756f    0x4  Code  Gb  low_level_init.o [3]
__vector_table          0x08000000         Data  Gb  startup_stm32f103xe.o [1]
_call_main              0x0800755d         Code  Gb  cmain.o [5]
_exit                   0x08007579         Code  Gb  cexit.o [5]
_gLocale_mblen          0x080026a9    0x4  Code  Gb  xlocale_c.o [3]
_gLocale_mblenInt       0x08002671   0x34  Code  Gb  xlocale_c.o [3]
_gLocale_wctomb         0x080026ad    0x4  Code  Gb  xlocale_c.o [3]
_gLocale_wctombInt      0x080026a5    0x4  Code  Gb  xlocale_c.o [3]
_gm_                    0x2000013c  0x1d8  Data  Lc  dlmalloc.o [3]
_main                   0x0800756b         Code  Gb  cmain.o [5]
abort                   0x08001605    0x6  Code  Gb  abort.o [3]
add_cmd                 0x080045ed   0x26  Code  Gb  command.o [1]
add_segment             0x080004f5  0x1f2  Code  Lc  dlmalloc.o [3]
analize                 0x08004665   0x6c  Code  Gb  command.o [1]
atof                    0x080062d1    0x8  Code  Gb  strto64.o [4]
buffer_rx               0x200004ac   0x20  Data  Gb  usart.o [1]
buffer_rx_OK            0x200004a9    0x1  Data  Gb  usart.o [1]
buffer_rx_count         0x2000050c    0x4  Data  Gb  usart.o [1]
buffer_rx_temp          0x200004a8    0x1  Data  Gb  usart.o [1]
command_init            0x08004409   0x70  Code  Gb  command.o [1]
compare_cmd             0x08004613   0x2c  Code  Gb  command.o [1]
compare_string          0x0800463f   0x24  Code  Gb  command.o [1]
ddiv                    0x08005f33   0x7a  Code  Lc  strto64.o [4]
dmul                    0x08005eb9   0x7a  Code  Lc  strto64.o [4]
exit                    0x08007573    0x4  Code  Gb  exit.o [3]
free                    0x08006389    0x4  Code  Gb  heaptramp0.o [3]
frexp                   0x08002c2d         Code  Gb  frexp.o [4]
frexpl                  0x08002c2d         Code  Gb  frexp.o [4]
get_hall_state          0x08006bd5   0x3a  Code  Gb  cmd_fun.o [1]
get_prams               0x080044d3  0x11a  Code  Lc  command.o [1]
hcan                    0x200005d0   0x40  Data  Gb  can.o [1]
hspi2                   0x20000578   0x58  Data  Gb  spi.o [1]
htim2                   0x20000610   0x3c  Data  Gb  tim.o [1]
htim6                   0x2000064c   0x3c  Data  Gb  tim.o [1]
htim7                   0x20000688   0x3c  Data  Gb  tim.o [1]
huart5                  0x200004cc   0x40  Data  Gb  usart.o [1]
init_mparams            0x0800014f   0x32  Code  Lc  dlmalloc.o [3]
init_top                0x08000181   0x32  Code  Lc  dlmalloc.o [3]
isalpha                 0x08005ea5   0x14  Code  Gb  isalpha.o [3]
isspace                 0x08006b25   0x14  Code  Gb  isspace.o [3]
ldexp                   0x08002cfd         Code  Gb  ldexp.o [4]
ldexpl                  0x08002cfd         Code  Gb  ldexp.o [4]
load_prams              0x08007075   0x72  Code  Gb  base.o [1]
localeconv              0x080026b1    0x4  Code  Gb  xlocale_c.o [3]
main                    0x08003a05   0x4c  Code  Gb  main.o [1]
memchr                  0x0800274d         Code  Gb  memchr.o [5]
mparams                 0x200006e8   0x18  Data  Lc  dlmalloc.o [3]
pFlash                  0x200006c8   0x20  Data  Gb  stm32f1xx_hal_flash.o [1]
phase_change            0x08006dad   0x6a  Code  Gb  cmd_fun.o [1]
pows                    0x080062d8   0x48  Data  Lc  strto64.o [4]
prepend_alloc           0x080001b3  0x342  Code  Lc  dlmalloc.o [3]
read_mag                0x08006e51   0x1a  Code  Gb  cmd_fun.o [1]
scalbln                 0x08002cfd         Code  Gb  ldexp.o [4]
scalblnl                0x08002cfd         Code  Gb  ldexp.o [4]
scalbn                  0x08002cfd         Code  Gb  ldexp.o [4]
scalbnl                 0x08002cfd         Code  Gb  ldexp.o [4]
scale                   0x08001e67   0x46  Code  Lc  xprintffull.o [3]
sec_hand                0x20000710    0x4  Data  Lc  xfail_s.o [3]
segment_holding         0x08000131   0x1e  Code  Lc  dlmalloc.o [3]
set_fd6288              0x08006c11   0x94  Code  Gb  cmd_fun.o [1]
set_mode                0x08006ca5   0x52  Code  Gb  cmd_fun.o [1]
set_mode_s              0x08006cf9   0x32  Code  Gb  cmd_fun.o [1]
set_motor_duty          0x08006e6d   0x26  Code  Gb  cmd_fun.o [1]
set_phase               0x08006d31   0x7c  Code  Gb  cmd_fun.o [1]
set_val                 0x08006b39   0x9a  Code  Gb  cmd_fun.o [1]
strchr                  0x080026bd         Code  Gb  strchr.o [5]
strlen                  0x08002715         Code  Gb  strlen.o [5]
sys_alloc               0x080006ed  0x164  Code  Lc  dlmalloc.o [3]
sys_trim                0x08000851   0x66  Code  Lc  dlmalloc.o [3]
test                    0x08004479   0x5a  Code  Lc  command.o [1]
tmalloc_large           0x080008c5  0x384  Code  Lc  dlmalloc.o [3]
tmalloc_small           0x08000c49  0x1fe  Code  Lc  dlmalloc.o [3]
uCRCErrorWorkaroundCheck
                        0x20000716    0x1  Data  Gb  stm32f1xx_hal_spi_ex.o [1]
uart_buffer             0x20000510   0x68  Data  Gb  usart.o [1]
uprintf                 0x08004357   0x2c  Code  Gb  usart.o [1]
uwTick                  0x20000708    0x4  Data  Lc  stm32f1xx_hal.o [1]
vsnprintf               0x08005e21   0x3c  Code  Gb  vsnprint.o [3]
write_prams             0x08007015   0x5e  Code  Gb  base.o [1]


[1] = D:\电路板\OneDrive\brushless\source\EWARM\source\Obj
[2] = command line
[3] = dl7M_tlf.a
[4] = m7M_tl.a
[5] = rt7M_tl.a
[6] = shb_l.a

  30 294 bytes of readonly  code memory
     238 bytes of readonly  data memory
   3 349 bytes of readwrite data memory

Errors: none
Warnings: none
